
 Start         Length     Name                   Class
 0001:00000000 00025338H .text                   CODE
 0002:00000000 00003EC0H .data                   DATA
 0002:00003EC0 00000CE9H .bss                    BSS


Detailed map of segments

 0001:00000000 00003BDF C=CODE     S=.text    G=(none)   M=System   ACBP=A9
 0001:00003BE0 00000140 C=CODE     S=.text    G=(none)   M=SysInit  ACBP=A9
 0001:00003D20 00000038 C=CODE     S=.text    G=(none)   M=Types    ACBP=A9
 0001:00003D58 00000654 C=CODE     S=.text    G=(none)   M=Windows  ACBP=A9
 0001:000043AC 000000E8 C=CODE     S=.text    G=(none)   M=ApplicationUnit ACBP=A9
 0001:00004494 00000038 C=CODE     S=.text    G=(none)   M=Messages ACBP=A9
 0001:000044CC 00000040 C=CODE     S=.text    G=(none)   M=Winsock2 ACBP=A9
 0001:0000450C 00000038 C=CODE     S=.text    G=(none)   M=WinSock  ACBP=A9
 0001:00004544 00007328 C=CODE     S=.text    G=(none)   M=CompressionStreamUnit ACBP=A9
 0001:0000B86C 00000554 C=CODE     S=.text    G=(none)   M=SocketUnit ACBP=A9
 0001:0000BDC0 00000040 C=CODE     S=.text    G=(none)   M=ImageHlp ACBP=A9
 0001:0000BE00 00000048 C=CODE     S=.text    G=(none)   M=ActiveX  ACBP=A9
 0001:0000BE48 00000038 C=CODE     S=.text    G=(none)   M=CommCtrl ACBP=A9
 0001:0000BE80 00000050 C=CODE     S=.text    G=(none)   M=ShellAPI ACBP=A9
 0001:0000BED0 00000038 C=CODE     S=.text    G=(none)   M=RegStr   ACBP=A9
 0001:0000BF08 00000038 C=CODE     S=.text    G=(none)   M=WinInet  ACBP=A9
 0001:0000BF40 00000038 C=CODE     S=.text    G=(none)   M=UrlMon   ACBP=A9
 0001:0000BF78 00000040 C=CODE     S=.text    G=(none)   M=ShlObj   ACBP=A9
 0001:0000BFB8 00000038 C=CODE     S=.text    G=(none)   M=SHFolder ACBP=A9
 0001:0000BFF0 000007C4 C=CODE     S=.text    G=(none)   M=afxCodeHook ACBP=A9
 0001:0000C7B4 00000038 C=CODE     S=.text    G=(none)   M=JwaWinNT ACBP=A9
 0001:0000C7EC 0000006C C=CODE     S=.text    G=(none)   M=JwaWinType ACBP=A9
 0001:0000C858 00000038 C=CODE     S=.text    G=(none)   M=JwaNtStatus ACBP=A9
 0001:0000C890 00000038 C=CODE     S=.text    G=(none)   M=JwaWinBase ACBP=A9
 0001:0000C8C8 00000060 C=CODE     S=.text    G=(none)   M=Native   ACBP=A9
 0001:0000C928 00000038 C=CODE     S=.text    G=(none)   M=JwaAccCtrl ACBP=A9
 0001:0000C960 00000050 C=CODE     S=.text    G=(none)   M=JwaAclApi ACBP=A9
 0001:0000C9B0 00001194 C=CODE     S=.text    G=(none)   M=Unhook   ACBP=A9
 0001:0000DB44 00000C08 C=CODE     S=.text    G=(none)   M=MiniReg  ACBP=A9
 0001:0000E74C 0000075C C=CODE     S=.text    G=(none)   M=UnitSharedData ACBP=A9
 0001:0000EEA8 000002F4 C=CODE     S=.text    G=(none)   M=umSFPack ACBP=A9
 0001:0000F19C 00000CE8 C=CODE     S=.text    G=(none)   M=UnitScreenCapture ACBP=A9
 0001:0000FE84 00000078 C=CODE     S=.text    G=(none)   M=MMSystem ACBP=A9
 0001:0000FEFC 00001CBC C=CODE     S=.text    G=(none)   M=UnitFileManager ACBP=A9
 0001:00011BB8 00001A34 C=CODE     S=.text    G=(none)   M=UnitFileSearch ACBP=A9
 0001:000135EC 00000888 C=CODE     S=.text    G=(none)   M=UnitWebcamCapture ACBP=A9
 0001:00013E74 00000080 C=CODE     S=.text    G=(none)   M=WinSvc   ACBP=A9
 0001:00013EF4 00000CE8 C=CODE     S=.text    G=(none)   M=UnitServiceManager ACBP=A9
 0001:00014BDC 000003F8 C=CODE     S=.text    G=(none)   M=PsAPI    ACBP=A9
 0001:00014FD4 00000FD4 C=CODE     S=.text    G=(none)   M=UnitWindowManager ACBP=A9
 0001:00015FA8 0000039C C=CODE     S=.text    G=(none)   M=TlHelp32 ACBP=A9
 0001:00016344 00000F48 C=CODE     S=.text    G=(none)   M=UnitProcessManager ACBP=A9
 0001:0001728C 0000020D C=CODE     S=.text    G=(none)   M=UnitCpuSpeed ACBP=A9
 0001:0001749C 0000028C C=CODE     S=.text    G=(none)   M=ListUnit ACBP=A9
 0001:00017728 00000070 C=CODE     S=.text    G=(none)   M=MSAcm    ACBP=A9
 0001:00017798 000003BC C=CODE     S=.text    G=(none)   M=ACMConvertor ACBP=A9
 0001:00017B54 000005C4 C=CODE     S=.text    G=(none)   M=ACMIn    ACBP=A9
 0001:00018118 000004DC C=CODE     S=.text    G=(none)   M=UnitAudioCapture ACBP=A9
 0001:000185F4 000007AC C=CODE     S=.text    G=(none)   M=UnitKeyLogger ACBP=A9
 0001:00018DA0 0000071C C=CODE     S=.text    G=(none)   M=UnitInstalledApplications ACBP=A9
 0001:000194BC 0000099C C=CODE     S=.text    G=(none)   M=UnitRegEdit ACBP=A9
 0001:00019E58 000003BC C=CODE     S=.text    G=(none)   M=UnitRemoteShell ACBP=A9
 0001:0001A214 000008EC C=CODE     S=.text    G=(none)   M=UnitAVFWDetector ACBP=A9
 0001:0001AB00 0000124C C=CODE     S=.text    G=(none)   M=UnitSystemInfo ACBP=A9
 0001:0001BD4C 000002B8 C=CODE     S=.text    G=(none)   M=UnitMsnPass ACBP=A9
 0001:0001C004 00000040 C=CODE     S=.text    G=(none)   M=uDecls   ACBP=A9
 0001:0001C044 00000108 C=CODE     S=.text    G=(none)   M=uUtils   ACBP=A9
 0001:0001C14C 00000A2C C=CODE     S=.text    G=(none)   M=uCodeInjection ACBP=A9
 0001:0001CB78 00000554 C=CODE     S=.text    G=(none)   M=uCodeInjection_RemoteUncrypt ACBP=A9
 0001:0001D0CC 0000019C C=CODE     S=.text    G=(none)   M=uStrList ACBP=A9
 0001:0001D268 0000062C C=CODE     S=.text    G=(none)   M=uWEPUtils ACBP=A9
 0001:0001D894 00000194 C=CODE     S=.text    G=(none)   M=UnitWep  ACBP=A9
 0001:0001DA28 0000006C C=CODE     S=.text    G=(none)   M=PStorageIntfs ACBP=A9
 0001:0001DA94 0000090B C=CODE     S=.text    G=(none)   M=PStorage ACBP=A9
 0001:0001E3A0 00000418 C=CODE     S=.text    G=(none)   M=UnitStorage ACBP=A9
 0001:0001E7B8 00000B20 C=CODE     S=.text    G=(none)   M=UnitFirefox ACBP=A9
 0001:0001F2D8 00000270 C=CODE     S=.text    G=(none)   M=UnitPasswordAudit ACBP=A9
 0001:0001F548 000014F0 C=CODE     S=.text    G=(none)   M=UnitOfflineKeyLogger ACBP=A9
 0001:00020A38 0000133C C=CODE     S=.text    G=(none)   M=UnitOfflineScreenCapture ACBP=A9
 0001:00021D74 00000038 C=CODE     S=.text    G=(none)   M=untaPlib ACBP=A9
 0001:00021DAC 00000044 C=CODE     S=.text    G=(none)   M=P2PSpreadUnit ACBP=A9
 0001:00021DF0 00003548 C=CODE     S=.text    G=(none)   M=ProjectUnhook ACBP=A9
 0002:00000000 00000098 C=DATA     S=.data    G=DGROUP   M=System   ACBP=A9
 0002:00000098 0000001C C=DATA     S=.data    G=DGROUP   M=SysInit  ACBP=A9
 0002:000000B4 00003744 C=DATA     S=.data    G=DGROUP   M=CompressionStreamUnit ACBP=A9
 0002:000037F8 00000540 C=DATA     S=.data    G=DGROUP   M=afxCodeHook ACBP=A9
 0002:00003D38 00000014 C=DATA     S=.data    G=DGROUP   M=UnitCpuSpeed ACBP=A9
 0002:00003D4C 0000002A C=DATA     S=.data    G=DGROUP   M=ACMIn    ACBP=A9
 0002:00003D78 000000F8 C=DATA     S=.data    G=DGROUP   M=UnitAVFWDetector ACBP=A9
 0002:00003E70 00000010 C=DATA     S=.data    G=DGROUP   M=UnitSystemInfo ACBP=A9
 0002:00003E80 00000020 C=DATA     S=.data    G=DGROUP   M=uWEPUtils ACBP=A9
 0002:00004000 00000650 C=BSS      S=.bss     G=DGROUP   M=System   ACBP=A9
 0002:00004650 00000010 C=BSS      S=.bss     G=DGROUP   M=SysInit  ACBP=A9
 0002:00004660 00000004 C=BSS      S=.bss     G=DGROUP   M=Types    ACBP=A9
 0002:00004664 00000004 C=BSS      S=.bss     G=DGROUP   M=Windows  ACBP=A9
 0002:00004668 00000004 C=BSS      S=.bss     G=DGROUP   M=ApplicationUnit ACBP=A9
 0002:0000466C 00000004 C=BSS      S=.bss     G=DGROUP   M=Messages ACBP=A9
 0002:00004670 00000004 C=BSS      S=.bss     G=DGROUP   M=Winsock2 ACBP=A9
 0002:00004674 00000004 C=BSS      S=.bss     G=DGROUP   M=WinSock  ACBP=A9
 0002:00004678 00000004 C=BSS      S=.bss     G=DGROUP   M=CompressionStreamUnit ACBP=A9
 0002:0000467C 000001D4 C=BSS      S=.bss     G=DGROUP   M=SocketUnit ACBP=A9
 0002:00004850 00000004 C=BSS      S=.bss     G=DGROUP   M=ImageHlp ACBP=A9
 0002:00004854 00000004 C=BSS      S=.bss     G=DGROUP   M=ActiveX  ACBP=A9
 0002:00004858 00000004 C=BSS      S=.bss     G=DGROUP   M=CommCtrl ACBP=A9
 0002:0000485C 00000004 C=BSS      S=.bss     G=DGROUP   M=ShellAPI ACBP=A9
 0002:00004860 00000004 C=BSS      S=.bss     G=DGROUP   M=RegStr   ACBP=A9
 0002:00004864 00000004 C=BSS      S=.bss     G=DGROUP   M=WinInet  ACBP=A9
 0002:00004868 00000004 C=BSS      S=.bss     G=DGROUP   M=UrlMon   ACBP=A9
 0002:0000486C 00000004 C=BSS      S=.bss     G=DGROUP   M=ShlObj   ACBP=A9
 0002:00004870 00000004 C=BSS      S=.bss     G=DGROUP   M=SHFolder ACBP=A9
 0002:00004874 00000004 C=BSS      S=.bss     G=DGROUP   M=afxCodeHook ACBP=A9
 0002:00004878 00000004 C=BSS      S=.bss     G=DGROUP   M=JwaWinNT ACBP=A9
 0002:0000487C 00000004 C=BSS      S=.bss     G=DGROUP   M=JwaWinType ACBP=A9
 0002:00004880 00000004 C=BSS      S=.bss     G=DGROUP   M=JwaNtStatus ACBP=A9
 0002:00004884 00000004 C=BSS      S=.bss     G=DGROUP   M=JwaWinBase ACBP=A9
 0002:00004888 00000004 C=BSS      S=.bss     G=DGROUP   M=Native   ACBP=A9
 0002:0000488C 00000004 C=BSS      S=.bss     G=DGROUP   M=JwaAccCtrl ACBP=A9
 0002:00004890 00000004 C=BSS      S=.bss     G=DGROUP   M=JwaAclApi ACBP=A9
 0002:00004894 00000004 C=BSS      S=.bss     G=DGROUP   M=Unhook   ACBP=A9
 0002:00004898 00000004 C=BSS      S=.bss     G=DGROUP   M=MiniReg  ACBP=A9
 0002:0000489C 00000064 C=BSS      S=.bss     G=DGROUP   M=UnitSharedData ACBP=A9
 0002:00004900 00000004 C=BSS      S=.bss     G=DGROUP   M=umSFPack ACBP=A9
 0002:00004904 00000008 C=BSS      S=.bss     G=DGROUP   M=UnitScreenCapture ACBP=A9
 0002:0000490C 00000004 C=BSS      S=.bss     G=DGROUP   M=MMSystem ACBP=A9
 0002:00004910 00000004 C=BSS      S=.bss     G=DGROUP   M=UnitFileManager ACBP=A9
 0002:00004914 00000004 C=BSS      S=.bss     G=DGROUP   M=UnitFileSearch ACBP=A9
 0002:00004918 00000010 C=BSS      S=.bss     G=DGROUP   M=UnitWebcamCapture ACBP=A9
 0002:00004928 00000004 C=BSS      S=.bss     G=DGROUP   M=WinSvc   ACBP=A9
 0002:0000492C 00000004 C=BSS      S=.bss     G=DGROUP   M=UnitServiceManager ACBP=A9
 0002:00004930 00000064 C=BSS      S=.bss     G=DGROUP   M=PsAPI    ACBP=A9
 0002:00004994 00000004 C=BSS      S=.bss     G=DGROUP   M=UnitWindowManager ACBP=A9
 0002:00004998 00000048 C=BSS      S=.bss     G=DGROUP   M=TlHelp32 ACBP=A9
 0002:000049E0 00000004 C=BSS      S=.bss     G=DGROUP   M=UnitProcessManager ACBP=A9
 0002:000049E4 00000018 C=BSS      S=.bss     G=DGROUP   M=UnitCpuSpeed ACBP=A9
 0002:000049FC 00000004 C=BSS      S=.bss     G=DGROUP   M=ListUnit ACBP=A9
 0002:00004A00 00000004 C=BSS      S=.bss     G=DGROUP   M=MSAcm    ACBP=A9
 0002:00004A04 00000004 C=BSS      S=.bss     G=DGROUP   M=ACMConvertor ACBP=A9
 0002:00004A08 0000000C C=BSS      S=.bss     G=DGROUP   M=ACMIn    ACBP=A9
 0002:00004A14 00000004 C=BSS      S=.bss     G=DGROUP   M=UnitAudioCapture ACBP=A9
 0002:00004A18 00000014 C=BSS      S=.bss     G=DGROUP   M=UnitKeyLogger ACBP=A9
 0002:00004A2C 00000004 C=BSS      S=.bss     G=DGROUP   M=UnitInstalledApplications ACBP=A9
 0002:00004A30 00000008 C=BSS      S=.bss     G=DGROUP   M=UnitRegEdit ACBP=A9
 0002:00004A38 0000008C C=BSS      S=.bss     G=DGROUP   M=UnitRemoteShell ACBP=A9
 0002:00004AC4 00000004 C=BSS      S=.bss     G=DGROUP   M=UnitAVFWDetector ACBP=A9
 0002:00004AC8 00000008 C=BSS      S=.bss     G=DGROUP   M=UnitSystemInfo ACBP=A9
 0002:00004AD0 0000000C C=BSS      S=.bss     G=DGROUP   M=UnitMsnPass ACBP=A9
 0002:00004ADC 00000004 C=BSS      S=.bss     G=DGROUP   M=uDecls   ACBP=A9
 0002:00004AE0 00000004 C=BSS      S=.bss     G=DGROUP   M=uUtils   ACBP=A9
 0002:00004AE4 00000004 C=BSS      S=.bss     G=DGROUP   M=uCodeInjection ACBP=A9
 0002:00004AE8 00000004 C=BSS      S=.bss     G=DGROUP   M=uCodeInjection_RemoteUncrypt ACBP=A9
 0002:00004AEC 00000004 C=BSS      S=.bss     G=DGROUP   M=uStrList ACBP=A9
 0002:00004AF0 00000004 C=BSS      S=.bss     G=DGROUP   M=uWEPUtils ACBP=A9
 0002:00004AF4 00000008 C=BSS      S=.bss     G=DGROUP   M=UnitWep  ACBP=A9
 0002:00004AFC 00000004 C=BSS      S=.bss     G=DGROUP   M=PStorageIntfs ACBP=A9
 0002:00004B00 00000010 C=BSS      S=.bss     G=DGROUP   M=PStorage ACBP=A9
 0002:00004B10 00000018 C=BSS      S=.bss     G=DGROUP   M=UnitStorage ACBP=A9
 0002:00004B28 00000010 C=BSS      S=.bss     G=DGROUP   M=UnitFirefox ACBP=A9
 0002:00004B38 00000004 C=BSS      S=.bss     G=DGROUP   M=UnitPasswordAudit ACBP=A9
 0002:00004B3C 0000001C C=BSS      S=.bss     G=DGROUP   M=UnitOfflineKeyLogger ACBP=A9
 0002:00004B58 00000010 C=BSS      S=.bss     G=DGROUP   M=UnitOfflineScreenCapture ACBP=A9
 0002:00004B68 00000004 C=BSS      S=.bss     G=DGROUP   M=untaPlib ACBP=A9
 0002:00004B6C 00000008 C=BSS      S=.bss     G=DGROUP   M=P2PSpreadUnit ACBP=A9
 0002:00004B74 00000174 C=BSS      S=.bss     G=DGROUP   M=ProjectUnhook ACBP=A9


  Address         Publics by Name

 0002:000021BC       ..
 0002:00000108       ..
 0002:00002D8C       ..
 0002:00002108       ..
 0001:00005768       ..
 0001:00005830       ..
 0002:00000100       ..
 0001:000099E0       ..
 0002:00002C60       ..
 0001:0000EF38       ..
 0002:0000220C       ..
 0002:00004874       .1
 0002:00004A34       .1
 0002:0000487C       .1
 0002:00004880       .1
 0002:00004B34       .1
 0002:00004ADC       .1
 0002:00004888       .1
 0002:0000488C       .1
 0002:00004890       .1
 0002:0000466C       .1
 0002:00004894       .1
 0002:00004670       .1
 0002:00004AF0       .1
 0002:00004B38       .1
 0002:00004898       .1
 0002:00004A2C       .1
 0002:00004A28       .1
 0002:00004674       .1
 0002:00004B54       .1
 0002:00004AE0       .1
 0002:00004660       .1
 0002:00004900       .1
 0002:00004908       .1
 0002:00004658       .1
 0002:00004AE4       .1
 0002:00004B64       .1
 0002:00004910       .1
 0002:00004B68       .1
 0002:00004924       .1
 0002:00004928       .1
 0002:00004AE8       .1
 0002:0000492C       .1
 0002:00004AFC       .1
 0002:00004A00       .1
 0002:00004858       .1
 0002:00004930       .1
 0002:00004850       .1
 0002:00004994       .1
 0002:00004998       .1
 0002:000049E0       .1
 0002:00004AF8       .1
 0002:000049F8       .1
 0002:00004870       .1
 0002:00004B24       .1
 0002:0000486C       .1
 0002:00004868       .1
 0002:00004864       .1
 0002:00004B70       .1
 0002:00004AD8       .1
 0002:00004860       .1
 0002:00004AC0       .1
 0002:0000485C       .1
 0002:00004ACC       .1
 0002:000048FC       .2
 0002:0000484C       .2
 0002:00004A14       .2
 0002:00004A08       .2
 0002:00004914       .2
 0002:000049FC       .2
 0002:00004884       .2
 0002:00004668       .2
 0002:00004A04       .3
 0002:00004854       .3
 0002:00004AEC       .3
 0002:00004664       .3
 0002:000045A8       .5
 0002:00004878       .5
 0002:00004AC4       .5
 0002:00004B0C       .6
 0002:0000490C       .7
 0002:00004678       .9
 0001:00001848       @AbstractError
 0001:00002178       @AfterConstruction
 0001:00002188       @BeforeDestruction
 0001:000020CC       @CallDynaInst
 0001:00002120       @ClassCreate
 0001:00002170       @ClassDestroy
 0001:00001B74       @Close
 0001:00003544       @CopyArray
 0001:00003428       @CopyRecord
 0001:0000366C       @DispCallByIDError
 0001:00002440       @DoneExcept
 0001:000038E4       @DynArrayAsg
 0001:000038A8       @DynArrayClear
 0001:0000389C       @DynArraySetLength
 0001:00002528       @ExceptionHandler
 0001:00001BD8       @FillChar
 0001:00003324       @FinalizeArray
 0001:000032D8       @FinalizeRecord
 0001:00001B68       @Flush
 0001:00001F90       @FpuInit
 0001:00001ECC       @FpuMaskInit
 0001:00001578       @FreeMem
 0001:00001558       @GetMem
 0001:00003C58       @GetTls
 0001:00002900       @Halt
 0001:00002828       @Halt0
 0001:00002288       @HandleAnyException
 0001:000023B4       @HandleFinally
 0001:000077C8       @inflate_fast
 0001:000095B4       @inflate_table
 0001:00003CA4       @InitExe
 0001:00003244       @InitializeArray
 0001:00003214       @InitializeRecord
 0001:000039E8       @IntfClear
 0001:00003A00       @IntfCopy
 0001:00001E9C       @isNECWindows
 0001:00002E30       @LStrAddRef
 0001:000029B8       @LStrArrayClr
 0001:000029E8       @LStrAsg
 0001:00002C48       @LStrCat
 0001:00002C8C       @LStrCat3
 0001:00002D00       @LStrCatN
 0001:00002994       @LStrClr
 0001:00002D8C       @LStrCmp
 0001:00002EA0       @LStrCopy
 0001:00002EE0       @LStrDelete
 0001:00002C04       @LStrFromArray
 0001:00002B7C       @LStrFromChar
 0001:00002B8C       @LStrFromPChar
 0001:00002A84       @LStrFromPCharLen
 0001:00002BBC       @LStrFromPWChar
 0001:00002AF0       @LStrFromPWCharLen
 0001:00002BF8       @LStrFromString
 0001:00002F28       @LStrInsert
 0001:00002A2C       @LStrLAsg
 0001:00002C40       @LStrLen
 0001:00003030       @LStrOfChar
 0001:00002F84       @LStrPos
 0001:00002FCC       @LStrSetLength
 0001:00002E40       @LStrToPChar
 0001:00002C1C       @LStrToString
 0001:00002A58       @NewAnsiString
 0001:0000308C       @NewWideString
 0001:00001BCC       @PStrCpy
 0001:000023EC       @RaiseAgain
 0001:00001598       @ReallocMem
 0001:000018BC       @RewritText
 0001:0000290C       @RunError
 0001:000026D0       @StartExe
 0001:00001C58       @Str0Long
 0001:00001BF8       @StrLong
 0001:00002470       @TryFinallyExit
 0001:00002E98       @UniqueStringA
 0001:00001C64       @ValLong
 0001:0000330C       @VarClr
 0001:00003410       @VarCopy
 0001:0000305C       @Write0LString
 0001:00001D7C       @WriteBytes
 0001:00001E4C       @WriteLn
 0001:00003064       @WriteLString
 0001:00001DD0       @WriteSpaces
 0001:000030CC       @WStrArrayClr
 0001:000030F0       @WStrAsg
 0001:000030B4       @WStrClr
 0001:00003114       @WStrFromPCharLen
 0001:000031A0       @WStrFromPWCharLen
 0001:000031C4       @WStrLen
 0001:000031D0       @WStrSetLength
 0001:0000164C       @_IOTest
 0001:00003674       @_lldiv
 0001:0000ABD8       @_tr_align
 0001:0000AEA4       @_tr_flush_block
 0001:000099E4       @_tr_init
 0001:0000AB1C       @_tr_stored_block
 0002:0000401C       AbstractErrorProc
 0002:000000E0       AccessMode
 0001:0001B7E4       AccountType
 0001:00017B4C       ACMConvertor
 0001:00018110       ACMIn
 0001:00017730       acmStreamClose
 0001:00017748       acmStreamConvert
 0001:00017728       acmStreamOpen
 0001:00017750       acmStreamPrepareHeader
 0001:00017740       acmStreamReset
 0001:00017738       acmStreamSize
 0001:00017758       acmStreamUnprepareHeader
 0001:0000BE40       ActiveX
 0001:00000264       AddBlockAfter
 0001:00003D60       AdjustTokenPrivileges
 0001:00003D58       AdjustTokenPrivileges
 0001:0000563C       adler32
 0001:0000C7AC       afxCodeHook
 0001:00013830       AlignDouble
 0001:00020AB8       AlignDouble
 0001:0000F224       AlignDouble
 0002:00004B18       AllData
 0001:00017C8C       AllocateHWnd
 0002:000045A0       AllocMemCount
 0002:000045A4       AllocMemSize
 0001:00003C00       AllocTlsBuffer
 0001:0000448C       ApplicationUnit
 0001:0000C9B0       AssignACL
 0001:000040E8       AttachThreadInput
 0002:000045F8       avail
 0001:00002950       BeginThread
 0002:00003D74       BlockCode
 0002:000045D0       blockDescBlockList
 0002:000045D4       blockDescFreeList
 0001:0000F19C       BlockInput
 0001:000040F0       BringWindowToTop
 0002:00004CB8       browser
 0002:00004A3C       Buffer
 0001:00017978       BuildHeader
 0002:00004AB0       BytesRead
 0002:00004AB4       BytesWritten
 0001:0001F974       Ca
 0001:00020DA0       Ca
 0001:00024390       Ca
 0001:00017BD8       CalcJmpOffset
 0001:000040F8       CallNextHookEx
 0002:00004C98       CamDrivers
 0001:000222A4       CamExists
 0002:00004920       CapCreateCaptureWindowA
 0002:0000491C       CapGetDriverDescriptionA
 0002:00004CB0       CapGetDriverDescriptionA
 0001:00021954       CaptureThread
 0002:000048F0       CaptureWindow
 0001:00013E74       ChangeServiceConfig
 0001:00002AB4       CharFromWChar
 0001:000000F0       CharNext
 0001:00004100       CharUpper
 0001:00023594       CheckDataArrival
 0001:0000DAA0       CheckExports
 0001:00002204       CheckJmp
 0001:0000D17C       CheckKiServiceTableAddress
 0001:00014BDC       CheckPSAPILoaded
 0001:00015494       ChildWindowList
 0001:00004108       CloseClipboard
 0001:00003DE8       CloseHandle
 0001:00000090       CloseHandle
 0001:00013E7C       CloseServiceHandle
 0002:00004030       CmdLine
 0002:0000402C       CmdShow
 0001:0000BE78       CommCtrl
 0001:00000544       Commit
 0002:00004614       committedRoot
 0001:0000F3E0       CompareString
 0001:0001366C       CompareString
 0001:0000EAAC       Compress
 0001:0000581C       compressBound
 0001:0000B864       CompressionStreamUnit
 0001:0001AB7C       ComputerName
 0002:00004B78       Context
 0001:00013E84       ControlService
 0001:0001D894       ConvertDataToAscii
 0001:000036F0       CopyArray
 0001:00003DF0       CopyFile
 0001:000042B8       CopyMemory
 0001:0000BE08       CoTaskMemFree
 0001:0001B7AC       Country
 0001:0001B774       CountryCode
 0001:00005838       crc32
 0001:000040A0       CreateCompatibleBitmap
 0001:000040A8       CreateCompatibleDC
 0001:00003DF8       CreateFile
 0001:00000098       CreateFileA
 0001:00003E08       CreateMutex
 0001:00003E28       CreateNamedPipe
 0001:00003E30       CreatePipe
 0001:00003E38       CreateProcess
 0001:00003E40       CreateRemoteThread
 0001:00013E8C       CreateService
 0001:000000F8       CreateThread
 0001:00003E48       CreateThread
 0001:00016224       CreateToolhelp32Snapshot
 0001:0000431C       CreateWindowEx
 0002:0000460C       curAlloc
 0002:000049EC       dbIdleTime
 0002:000049E4       dbSystemTime
 0001:00017D40       DeallocateHWnd
 0002:00000020       DebugHook
 0001:000005D8       Decommit
 0001:00000BF4       DecommitFree
 0002:000045E8       decommittedRoot
 0001:0000EB40       Decompress
 0001:00019734       Decrypt2
 0001:00023E98       Decrypt2
 0002:00000018       Default8087CW
 0002:0000002C       DefaultTextLineBreakStyle
 0002:000045AC       DefaultUserCodePage
 0001:000064F8       deflate
 0001:00006924       deflateEnd
 0001:00004A30       DeflateInit
 0001:00005F60       DeflateInit2_
 0001:00005F44       deflateInit_
 0001:00004110       DefWindowProc
 0001:00000294       DeleteBlock
 0001:00000204       DeleteCriticalSection
 0001:000040B0       DeleteDC
 0001:00020460       DeleteDirectory
 0001:00021184       DeleteDirectory
 0001:00011210       DeleteDirectory
 0001:00015804       DeleteDirectory
 0001:00016D88       DeleteDirectory
 0001:00012CA0       DeleteDirectory
 0001:00003E50       DeleteFile
 0001:0000C688       DeleteFileEx
 0001:0000C654       DeleteFileExThread
 0001:00000A3C       DeleteFree
 0001:000040B8       DeleteObject
 0001:00013E94       DeleteService
 0001:00004118       DestroyWindow
 0002:00000088       dig
 0001:00003E58       DisconnectNamedPipe
 0001:00004120       DispatchMessage
 0002:00004000       DispCallByIDProc
 0001:00004128       DrawIcon
 0001:00010DD0       DriveAttrib
 0001:0001230C       DriveList
 0001:00010EF0       DriveList
 0001:00010E60       DriveVolumeName
 0002:00004904       dummy
 0002:00004B6C       Dummy
 0001:0001E3A0       DumpData
 0001:0001E65C       DumpProtectedStorage
 0001:00003708       DynArrayClear
 0001:00003710       DynArraySetLength
 0001:000142EC       EditService
 0001:00004130       EnableWindow
 0001:000001F4       EnterCriticalSection
 0001:00004138       EnumChildWindows
 0001:00013E9C       EnumServicesStatus
 0001:00004140       EnumWindows
 0002:00000060       errCaption
 0001:00001640       Error
 0002:00000004       ErrorAddr
 0001:000015F4       ErrorAt
 0002:00004008       ErrorProc
 0002:000043D4       ErrOutput
 0001:00015208       eWindows
 0002:0000400C       ExceptObjProc
 0002:00004004       ExceptProc
 0002:00004AB8       ExitCode
 0002:00000000       ExitCode
 0001:0000276C       ExitDll
 0002:00004034       ExitProc
 0001:00000100       ExitProcess
 0001:00003E60       ExitProcess
 0002:00004018       ExitProcessProc
 0001:00003E68       ExitThread
 0001:00004148       ExitWindowsEx
 0001:00004960       FileClose
 0001:00004968       FileCreate
 0001:00012D98       FileDeleteRB
 0001:00011308       FileDeleteRB
 0001:00010914       FileList
 0001:00012968       FileList
 0001:00010A64       FileListRecursive
 0001:0002143C       FileListRecursive
 0001:00012E28       FileListRecursive
 0001:0002014C       FileListRecursive
 0002:0000000C       FileMode
 0001:00001904       FileNOPProc
 0001:00004904       FileOpen
 0001:0000498C       FileRead
 0001:0001224C       FileSearch
 0001:000049E4       FileSeek
 0001:00003E70       FileTimeToSystemTime
 0001:000049B8       FileWrite
 0001:00000B24       FillAfterGap
 0001:00000AD0       FillBeforeGap
 0001:00000BBC       FillerSizeAfterGap
 0001:00000B4C       FillerSizeBeforeGap
 0001:000042C0       FillMemory
 0001:0001E2A4       FillPromptInfoStruct
 0001:00004374       Finalization
 0001:0000445C       Finalization
 0001:00004494       Finalization
 0001:000044D4       Finalization
 0001:0000450C       Finalization
 0001:0000B834       Finalization
 0001:0000BB08       Finalization
 0001:0000BDC8       Finalization
 0001:0000BE10       Finalization
 0001:0000BE48       Finalization
 0001:0000BE98       Finalization
 0001:0000BED0       Finalization
 0001:0000BF08       Finalization
 0001:0000BF40       Finalization
 0001:0000BF80       Finalization
 0001:0000BFB8       Finalization
 0001:0000C7B4       Finalization
 0001:0000C820       Finalization
 0001:0000C858       Finalization
 0001:0000C890       Finalization
 0001:0000C8F0       Finalization
 0001:0000C928       Finalization
 0001:0000C978       Finalization
 0001:0000DB0C       Finalization
 0001:0000E714       Finalization
 0001:00003D20       Finalization
 0001:00003CE8       Finalization
 0001:0000EE60       Finalization
 0001:0000F164       Finalization
 0001:0000FE40       Finalization
 0001:0000FEC4       Finalization
 0001:00003AB8       Finalization
 0001:00011B80       Finalization
 0001:000135B4       Finalization
 0001:00013DBC       Finalization
 0001:00013EBC       Finalization
 0001:00014BA4       Finalization
 0001:00014F9C       Finalization
 0001:00015F70       Finalization
 0001:0001630C       Finalization
 0001:00017254       Finalization
 0001:00017448       Finalization
 0001:000176F0       Finalization
 0001:00017760       Finalization
 0001:00017B1C       Finalization
 0001:000180E0       Finalization
 0001:000185BC       Finalization
 0001:00018D5C       Finalization
 0001:00019484       Finalization
 0001:00019E20       Finalization
 0001:0001A1D0       Finalization
 0001:0001AA74       Finalization
 0001:0001BD14       Finalization
 0001:0001BFCC       Finalization
 0001:0001C00C       Finalization
 0001:0001C114       Finalization
 0001:0001CB40       Finalization
 0001:0001D094       Finalization
 0001:0001D230       Finalization
 0001:0001D85C       Finalization
 0001:0001D9E4       Finalization
 0001:0001DA5C       Finalization
 0001:0001E358       Finalization
 0001:0001E758       Finalization
 0001:0001F280       Finalization
 0001:0001F510       Finalization
 0001:000209EC       Finalization
 0001:00021D3C       Finalization
 0001:00021D74       Finalization
 0001:00021DAC       Finalization
 0001:0002486C       Finalization
 0001:0000C77C       Finalization
 0001:00003700       FinalizeArray
 0001:00002610       FinalizeUnits
 0001:00003E78       FindClose
 0001:00000AA0       FindCommitted
 0001:0000BE80       FindExecutable
 0001:00003E80       FindFirstFile
 0001:00003E88       FindNextFile
 0001:00003E90       FindResourceA
 0001:00004150       FindWindow
 0002:00004B04       FInitialized
 0002:00004B2C       FireFoxPath
 0001:00004158       FlashWindow
 0002:00004B08       FLibrary
 0001:000124F0       FolderList
 0001:000107C4       FolderList
 0001:000216F8       FolderSize
 0001:00015528       ForceForegroundWindow
 0001:0000080C       FreeCommitted
 0001:00000D2C       FreeCurAlloc
 0001:0001E33C       FreeLib
 0001:00003E98       FreeLibrary
 0001:00000110       FreeLibrary
 0001:00003A2C       FreeMemory
 0001:00017C78       FreeObjectInstance
 0001:00003EA0       FreeResource
 0001:0000048C       FreeSpace
 0002:00004B48       FullLog
 0002:00004B30       FullString
 0001:00001840       Get8087CW
 0001:0002007C       GetAttrib
 0001:0002136C       GetAttrib
 0001:000106F4       GetAttrib
 0001:00012420       GetAttrib
 0001:000137CC       GetBitmapFromFile
 0001:0000020C       GetBlockDesc
 0001:0001B950       GetBrowser
 0001:000151D8       GetCaption
 0001:00018698       GetCaption
 0001:0001F5EC       GetCaption
 0001:00021DF0       GetCdKey
 0001:00015054       GetClass
 0001:00004160       GetClassInfo
 0001:00004168       GetClassName
 0001:00004170       GetClipboardData
 0001:0001F8BC       GetClipBoardText
 0001:00018810       GetClipBoardText
 0001:000001A8       GetCmdShow
 0001:00003EA8       GetCommandLine
 0001:00000118       GetCommandLine
 0001:00000658       GetCommitted
 0001:000006E8       GetCommittedAt
 0001:00003EB0       GetComputerName
 0001:0001B8A0       GetCPUSpeed
 0001:000172C8       GetCPUUsage
 0001:000163CC       Getcreationtime
 0001:00003EB8       GetCurrentProcess
 0001:00003EC0       GetCurrentProcessId
 0001:00003EC8       GetCurrentThread
 0001:00000188       GetCurrentThreadId
 0001:00004178       GetCursorInfo
 0001:0001D8D4       GetDataCallBack
 0001:0001F76C       GetDate
 0001:0001AF8C       GetDate
 0001:00020C1C       GetDate
 0001:0001876C       GetDate
 0001:00004180       GetDC
 0001:0000F49C       GetDesktop
 0001:00022338       GetDesktop
 0001:000210E8       GetDesktop
 0001:00004188       GetDesktopWindow
 0001:000040C8       GetDeviceCaps
 0001:000040C0       GetDIBits
 0001:00003ED0       GetDiskFreeSpaceEx
 0001:00003ED8       GetDriveType
 0001:0000209C       GetDynaMethod
 0001:00003EE0       GetEnvironmentVariable
 0001:00003EE8       GetExitCodeProcess
 0001:00003EF0       GetExitCodeThread
 0001:0001E870       GetFFInfos
 0001:000000A8       GetFileSize
 0001:00003EF8       GetFileSize
 0001:000000A0       GetFileType
 0001:0001E9C0       GetFirefoxPasswords
 0001:00004190       GetForegroundWindow
 0001:0001D404       GetHotSpotsData
 0001:000223EC       GetIdleTime
 0001:0000CB60       GetKernelBase
 0001:000041A8       GetKeyboardState
 0001:00001E94       GetKeyboardType
 0001:00004198       GetKeyNameText
 0001:000041A0       GetKeyState
 0001:0000D20C       GetKiServiceTableAddress
 0001:00000120       GetLastError
 0001:00003F00       GetLastError
 0001:000041B0       GetLastInputInfo
 0001:00010D24       GetList
 0001:00012AB8       GetList
 0001:00003F10       GetLocaleInfo
 0001:00000128       GetLocaleInfo
 0001:00003F08       GetLocalTime
 0001:00003F18       GetLogicalDriveStrings
 0001:00000130       GetModuleFileName
 0001:00003F20       GetModuleFileName
 0001:00014F48       GetModuleFileNameEx
 0001:00003F28       GetModuleHandle
 0001:00003BE0       GetModuleHandle
 0001:0000CCFC       GetNativeAPI
 0001:000040D0       GetObject
 0001:0001B15C       GetOSVersionInfo
 0001:000016BC       GetParamStr
 0001:0001C330       GetPebLdrData
 0001:0001C300       GetPEBptr
 0001:00003F30       GetPrivateProfileString
 0001:00003F38       GetProcAddress
 0001:00003F40       GetProcessHeap
 0001:00014F78       GetProcessMemoryInfo
 0001:00003F48       GetProcessTimes
 0001:0001A7F8       GetRunningAntiviruses
 0001:0001A80C       GetRunningFirewalls
 0001:0000C968       GetSecurityInfo
 0001:00024414       GetSettings
 0001:000003B0       GetSpace
 0001:00000414       GetSpaceAt
 0001:0002213C       GetSpecialFolder
 0001:00012780       GetSpecialFolder
 0001:00010390       GetSpecialFolder
 0001:00003F50       GetStartupInfo
 0001:00000138       GetStartupInfo
 0001:000000B0       GetStdHandle
 0001:00003F58       GetSystemDirectory
 0001:000041B8       GetSystemMetrics
 0001:00003F60       GetTempPath
 0001:00000140       GetThreadLocale
 0001:000001A0       GetTickCount
 0001:00003F68       GetTickCount
 0001:000186C8       GetTime
 0001:0001AE30       GetTime
 0001:00020ACC       GetTime
 0001:0001F61C       GetTime
 0001:00003C0C       GetTlsSize
 0001:00003D68       GetTokenInformation
 0001:00003D70       GetUserName
 0001:00000190       GetVersion
 0001:00003F70       GetVersionEx
 0001:00003F78       GetVolumeInformation
 0001:000150DC       GetWindowAttr
 0001:000041C0       GetWindowLong
 0001:00003F80       GetWindowsDirectory
 0001:000041C8       GetWindowText
 0001:000041D0       GetWindowThreadProcessId
 0001:000041D8       GetWindowThreadProcessId
 0001:0001D684       GetWZCSVCData
 0001:00003F88       GlobalAlloc
 0001:000042D4       GlobalAllocPtr
 0001:00003F90       GlobalFree
 0001:00004300       GlobalFreePtr
 0001:00003FA0       GlobalHandle
 0001:00003F98       GlobalLock
 0001:00003FA8       GlobalMemoryStatus
 0001:00003FB0       GlobalReAlloc
 0001:000042E4       GlobalReAllocPtr
 0001:00003FB8       GlobalUnlock
 0001:0001E3E0       GUIDToString
 0001:00015084       HandleToPid
 0001:00003FC0       HeapAlloc
 0002:0000001C       HeapAllocFlags
 0002:000045B4       heapErrorCode
 0001:00003FC8       HeapFree
 0002:000045B8       heapLock
 0001:000042B0       HiByte
 0002:00004654       HInstance
 0002:00004A4C       hiRead
 0002:00004A54       hiWrite
 0002:00004B3C       HookHandle
 0002:00004A18       HookHandle
 0001:00018894       HookProc
 0001:0001FA00       HookProc
 0002:00004A50       hoRead
 0002:00004A58       hoWrite
 0002:00004934       hPSAPI
 0001:0000BDF8       ImageHlp
 0001:000220AC       IncludeTrailingBackslash
 0001:00010228       IncludeTrailingBackslash
 0001:00011CF0       IncludeTrailingBackslash
 0001:000212DC       IncludeTrailingBackslash
 0001:0001FFEC       IncludeTrailingBackslash
 0001:00007F1C       inflate
 0001:00009260       inflateEnd
 0001:00004A48       InflateInit
 0001:00007D14       inflateInit2_
 0001:00007DE8       inflateInit_
 0001:00007CBC       inflateReset
 0001:00000898       InitAllocator
 0002:00004624       InitContext
 0001:000001EC       InitializeCriticalSection
 0002:000045B0       initialized
 0001:00003C98       InitializeModule
 0001:0000C7F8       InitializeObjectAttributes
 0001:0001E2C4       InitLib
 0001:00003C14       InitThreadTLS
 0001:00015FA8       InitToolHelp
 0001:00002670       InitUnits
 0001:0001C8F4       InjectData
 0001:0000C44C       InjectLibrary
 0001:0000C418       InjectLibraryThread
 0001:0000C374       InjectMemory
 0001:0000C2E4       InjectString
 0001:0001CA34       InjectThread
 0001:0000C3A4       InjectThread
 0002:0000403C       Input
 0001:00000CA4       InsertFree
 0001:00014474       InstallService
 0002:00004A0C       InstBlockList
 0002:00004A10       InstFreeList
 0001:0001D3DC       Int2Str
 0001:00001944       InternalClose
 0001:00001B20       InternalFlush
 0001:00000B00       InternalFreeMem
 0001:00002E4C       InternalUniqueString
 0001:0000E3A8       IntToStr
 0001:00018670       IntToStr
 0001:0001F5C4       IntToStr
 0001:0000EA30       IntToStr
 0001:000044CC       ioctlsocket
 0001:0001F964       IsCapsLockOn
 0001:00018884       IsCapsLockOn
 0002:00004038       IsConsole
 0001:000041E0       IsIconic
 0002:00004028       IsLibrary
 0002:00004039       IsMultiThread
 0002:00004AC8       IsNTAdmin
 0001:000041E8       IsWindowEnabled
 0001:000041F0       IsWindowVisible
 0001:000041F8       IsZoomed
 0002:00000024       JITEnable
 0001:0000C958       JwaAccCtrl
 0001:0000C9A8       JwaAclApi
 0001:0000C888       JwaNtStatus
 0001:0000C8C0       JwaWinBase
 0001:0000C7E4       JwaWinNT
 0001:0000C850       JwaWinType
 0002:0000499C       KernelHandle
 0001:000042A0       keybd_event
 0001:00016CA8       KillProc
 0001:00015724       KillProc
 0001:0001ADF8       Language
 0002:00004CA4       LastConnection
 0001:0000DB6C       LastPos
 0001:00021FBC       LastPos
 0001:00003A44       LCIDToCodePage
 0001:000001FC       LeaveCriticalSection
 0002:000000B4       Levels
 0001:0001728C       Li2Double
 0002:00004918       LibHandle
 0002:00000030       LibModuleList
 0002:00003D38       liOldIdleTime
 0002:00003D40       liOldSystemTime
 0001:00013714       ListCamDrivers
 0001:000221E8       ListCamDrivers
 0001:00017720       ListUnit
 0001:0001BE34       LoadFunctions
 0001:00004200       LoadImage
 0001:000165AC       LoadLib
 0001:00003FD0       LoadLibrary
 0001:00003FD8       LoadResource
 0001:000001CC       LocalAlloc
 0001:00003BE8       LocalAlloc
 0001:000001D4       LocalFree
 0001:00003FE0       LockResource
 0002:00004A1C       LogSocket
 0002:00004B4C       LogStream
 0001:00003D78       LookupAccountSid
 0001:00003D80       LookupPrivilegeValue
 0001:0001AA38       LowerCase
 0001:00004088       lstrcmpi
 0001:00004090       lstrcmpiA
 0001:00004098       lstrlen
 0002:00004020       MainInstance
 0002:00004024       MainThreadID
 0002:00004B1C       MainType
 0001:0000025C       MakeEmpty
 0001:00002710       MakeErrorMessage
 0001:00017BE0       MakeObjectInstance
 0001:0000E88C       MakePathAds
 0001:0000E964       MakePathNormal
 0001:00023C30       MakePersistent
 0001:0000BDC0       MakeSureDirectoryPathExists
 0001:0000CC7C       MapPhysicalMemory
 0001:00002488       MapToRunError
 0001:0000FE84       mciSendCommand
 0002:00000038       MemoryManager
 0001:000002AC       MergeBlockAfter
 0001:00000D78       MergeCommit
 0001:00000108       MessageBox
 0001:000044C4       Messages
 0001:0000E744       MiniReg
 0001:0000FEF4       MMSystem
 0001:0001C1B0       ModificaPrivilegio
 0001:00016BA0       ModList
 0002:0000009C       Module
 0001:000162CC       Module32First
 0001:000162EC       Module32Next
 0002:00004650       ModuleIsLib
 0002:00000034       ModuleUnloadList
 0001:000042A8       mouse_event
 0001:0000167C       Move
 0001:00017790       MSAcm
 0001:0001ABE4       MSecToTime
 0002:00004CCC       Msg
 0001:00000148       MultiByteToWideChar
 0002:00004B74       MutexName
 0001:000222F8       MyResize
 0001:0000C920       Native
 0002:00004844       Newclosesocket
 0001:00000E04       NewCommit
 0001:00000E30       NewCommitAt
 0002:00004848       Newconnect
 0001:00023A38       NewConnection
 0002:00004CA0       NewFileData
 0002:00004818       Newgethostbyname
 0002:0000483C       Newgetpeername
 0001:00023F24       NewGetProcAddress
 0001:000197C0       NewGetProcAddress
 0002:00004840       Newgetsockname
 0002:00004838       Newhtons
 0002:00004834       Newinet_addr
 0002:00004830       Newinet_ntoa
 0002:0000482C       Newioctlsocket
 0001:00023A7C       NewMaster
 0002:00004828       Newntohs
 0002:00004824       Newrecv
 0002:00004820       Newsend
 0002:00004CAC       NewSHDeleteKey
 0002:00004A30       NewSHDeleteKey
 0002:0000481C       Newsocket
 0002:00004A38       NewSocket
 0002:00004810       NewWSACleanup
 0002:00004814       NewWSAGetLastError
 0002:0000480C       NewWSAStartup
 0002:00000028       NoErrMsg
 0001:000021F0       NotifyAnyExcept
 0001:000021D8       NotifyExcept
 0001:00002224       NotifyExceptFinally
 0001:0000390C       NotifyModuleUnload
 0001:000021B4       NotifyNonDelphiException
 0001:00002198       NotifyReRaise
 0001:0000224C       NotifyTerminate
 0001:00002268       NotifyUnhandled
 0001:0000C8D8       NtMapViewOfSection
 0001:0000C8D0       NtOpenSection
 0001:0001C004       NtQueryInformationProcess
 0001:0000C8C8       NtQuerySystemInformation
 0002:00003D48       NtQuerySystemInformation
 0001:0000C8E0       NtUnmapViewOfSection
 0001:0000C7EC       NT_SUCCESS
 0001:0001D9BC       ObtainPasswords
 0001:0001BEC0       ObtainPasswords
 0001:0001E734       ObtainPasswords
 0001:0001F1FC       ObtainPasswords
 0002:00004B44       OldText
 0002:00004A24       OldText
 0002:00004A20       OldWindow
 0002:00004B40       OldWindow
 0002:000037F8       Opcodes1
 0002:000039F8       Opcodes2
 0002:00003BF8       Opcodes3
 0001:00004208       OpenClipboard
 0001:0000CADC       OpenPhysicalMemory
 0001:00003FE8       OpenProcess
 0001:0001C2B0       OpenProcessEx
 0001:00003D88       OpenProcessToken
 0001:00013EA4       OpenSCManager
 0001:00013EAC       OpenService
 0001:00001864       OpenText
 0001:00016344       OpenThread
 0001:00003D90       OpenThreadToken
 0001:000102B8       OpenTray
 0001:0001B1B0       OperatingSystem
 0001:0001AD7C       OperatingSystemBuild
 0002:00004208       Output
 0001:00021DE8       P2PSpreadUnit
 0001:000017A8       ParamStr
 0001:0001F358       ParseData
 0001:00018BD8       ParseData
 0001:000192F0       ParseData
 0001:00019854       ParseData
 0001:0001BA04       ParseData
 0001:000130E8       ParseData
 0001:0001A0C8       ParseData
 0001:000148D8       ParseData
 0001:000181EC       ParseData
 0001:0000F644       ParseData
 0001:00016F70       ParseData
 0001:00020558       ParseData
 0001:000139F8       ParseData
 0001:000158FC       ParseData
 0001:00021A78       ParseData
 0001:00022848       ParseData
 0001:00011398       ParseData
 0001:0001280C       ParsePath
 0001:0001041C       ParsePath
 0002:00004AF4       Pass
 0001:00016E80       PauseProcess
 0001:00004210       PeekMessage
 0001:00023FB8       PersistentThread
 0001:00023B78       PersistentThread
 0002:00004AD0       pfCredEnumerate
 0002:00004AD4       pfCredFree
 0001:0001C044       PidProcesso
 0001:00016C60       PidToPath
 0001:00015094       PidToPath
 0002:00004ABC       PipeMode
 0001:00004218       PostMessage
 0001:00016244       Process32First
 0001:00016264       Process32Next
 0002:00004AA0       ProcessInfo
 0001:0001677C       ProcessList
 0002:00004C44       ProcInfo
 0001:00024AFC       ProjectUnhook
 0001:00014FCC       PsAPI
 0001:0001E390       PStorage
 0001:0001DA8C       PStorageIntfs
 0002:00004B00       PStoreCreateInstance
 0001:00000198       QueryPerformanceCounter
 0001:000000B8       RaiseException
 0002:00004010       RaiseExceptionProc
 0001:0001B8F4       RamSize
 0001:00001808       Randomize
 0002:00000008       RandSeed
 0001:00003FF0       ReadFile
 0001:000000C0       ReadFile
 0001:0001E7B8       ReadKeyToString
 0001:00003FF8       ReadProcessMemory
 0001:00000150       RegCloseKey
 0001:00003D98       RegCloseKey
 0001:0001D280       RegCloseKey
 0001:00003DA0       RegCreateKey
 0001:00003DA8       RegCreateKeyEx
 0001:00003DB0       RegDeleteValue
 0001:0000E2D4       RegDelValue
 0001:0002252C       RegDelValue
 0001:0000E3D0       RegEnum
 0001:00003DB8       RegEnumKeyEx
 0001:0001D278       RegEnumKeyExA
 0001:0000E6BC       RegEnumKeys
 0001:00003DC0       RegEnumValue
 0001:0000E664       RegEnumValues
 0001:0000DFD8       RegGetAnyString
 0001:0000E124       RegGetBinary
 0001:0000E0A4       RegGetDWORD
 0001:0000DF34       RegGetString
 0001:0000DCF0       RegGetValue
 0001:0000E1BC       RegGetValueType
 0001:00004220       RegisterClass
 0001:00003968       RegisterModule
 0001:00003DC8       RegOpenKey
 0001:00003DD0       RegOpenKeyEx
 0001:00000158       RegOpenKeyEx
 0001:0001D268       RegOpenKeyExA
 0001:0001D270       RegQueryInfoKeyA
 0001:00003DD8       RegQueryValueEx
 0001:00000160       RegQueryValueEx
 0001:0001D288       RegQueryValueExA
 0001:0001457C       RegReadDword
 0001:00018E28       RegReadString
 0001:00013F74       RegReadString
 0001:0000DED4       RegSetDWORD
 0001:0000DE38       RegSetString
 0001:0000DBD0       RegSetValue
 0001:00003DE0       RegSetValueEx
 0001:0000BF00       RegStr
 0001:0001967C       RegWriteString
 0001:00014234       RegWriteString
 0001:00004228       ReleaseDC
 0002:00000044       reMap
 0002:00004608       remBytes
 0001:0001D290       RemoteCryptUnprotect
 0001:0001C370       RemoteGetModuleHandle
 0001:0001C494       RemoteGetProcAddress
 0001:0001CFAC       RemoteUncrypt
 0001:0001CC80       RemoteUncryptInjectData
 0001:0001CB78       RemoteUncryptThread
 0001:0001CC34       RemoteUncryptUnloadData
 0001:0000031C       RemoveBlock
 0001:0000D2F0       RemoveKernelHooks
 0001:00022600       RemoveRegKeys
 0001:00014198       RemoveService
 0001:0000DAD8       RemoveUserHooks
 0001:00012B64       RenameFile
 0001:000110D4       RenameFile
 0001:000012B8       ResizeInPlace
 0001:00016EF8       ResumeProcess
 0001:00004000       ResumeThread
 0001:000101C8       RightStr
 0001:0001FF8C       RightStr
 0001:00011C90       RightStr
 0001:0002204C       RightStr
 0001:0002127C       RightStr
 0001:000100BC       RootDir
 0002:00004604       rover
 0001:0000C8E8       RtlInitUnicodeString
 0001:000000C8       RtlUnwind
 0002:00004014       RTLUnwindProc
 0002:00000068       runErrMsg
 0001:000015E8       RunErrorAt
 0002:00004CC4       s
 0002:00004CC8       s2
 0001:00013844       SaveBitmapToFile
 0001:00020E24       SaveBitmapToFile
 0001:0000F238       SaveBitmapToFile
 0001:0001A820       Scan
 0002:00004B60       ScreenHeight
 0001:0001B0DC       ScreenRes
 0002:00004B5C       ScreenWidth
 0001:00012640       SearchAndReplace
 0001:0000FF7C       SearchAndReplace
 0001:00011DBC       SearchForFile
 0001:00000E64       SearchSmallBlocks
 0002:00004A40       SecurityAttributes
 0001:000040D8       SelectObject
 0001:0000ED04       Send
 0001:0001AB00       SendData
 0001:0001F548       SendData
 0001:00018DA0       SendData
 0001:00020A38       SendData
 0001:000135EC       SendData
 0001:0000FEFC       SendData
 0001:00014FD4       SendData
 0001:000194BC       SendData
 0001:0001816C       SendData
 0001:0001F2D8       SendData
 0001:000185F4       SendData
 0001:0000F1A4       SendData
 0001:0000EDB4       SendData
 0001:00011C14       SendData
 0001:0001634C       SendData
 0001:00019E58       SendData
 0001:00013EF4       SendData
 0001:00015634       SendKeys
 0001:00004230       SendMessage
 0002:0000489C       ServerData
 0002:00004C9C       ServerMutex
 0001:000221C8       ServerPath
 0001:00014618       ServiceList
 0001:0001ADC8       ServicePack
 0001:00001830       Set8087CW
 0001:0000F558       SetBuffer
 0001:00004238       SetClipboardData
 0001:0000F620       SetClipBoardText
 0001:00004240       SetCursorPos
 0001:000000D0       SetEndOfFile
 0001:0000C960       SetEntriesInAcl
 0001:00004008       SetErrorMode
 0001:000025C8       SetExceptionHandler
 0001:00004010       SetFilePointer
 0001:000000D8       SetFilePointer
 0001:00004248       SetForegroundWindow
 0001:0000166C       SetInOutRes
 0001:00004018       SetNamedPipeHandleState
 0001:0000C970       SetSecurityInfo
 0001:0001666C       SetTokenPrivileges
 0001:0002241C       SetTokenPrivileges
 0001:00004250       SetWindowLong
 0001:00004260       SetWindowsHookEx
 0001:00004258       SetWindowText
 0001:0000F13A       SFCalcTargetSz
 0001:0000F0B2       SFPack
 0001:0000EEA8       SFPackStr
 0001:0000F0FF       SFUnpack
 0002:000000EC       ShareMode
 0001:0000BEC8       ShellAPI
 0001:0000BE90       ShellExecute
 0001:00019ED8       ShellThread
 0001:0000BE88       SHFileOperation
 0001:0000BFE8       SHFolder
 0001:0000BF78       SHGetSpecialFolderPath
 0001:0000BFB0       ShlObj
 0001:0001E410       ShowItems
 0001:0001E578       ShowSubTypes
 0001:00004268       ShowWindow
 0001:000155F0       SimulateKeyDown
 0001:00015610       SimulateKeystroke
 0001:00015600       SimulateKeyUp
 0001:0000BFF0       SizeOfCode
 0001:0000C2C0       SizeOfProc
 0001:0001C1A0       SizeOfProc
 0001:00004020       SizeofResource
 0001:00004028       Sleep
 0002:00004610       smallTab
 0001:0000BB40       SocketUnit
 0002:000045D8       spaceRoot
 0001:0000EC10       Split
 0002:00004B10       sString
 0002:000048F4       StartedAt
 0002:00004C54       StartInfo
 0001:00013EB4       StartService
 0001:000140F0       StartService
 0002:00004A5C       StartupInfo
 0001:00017BB8       StdWndProc
 0002:00004B50       stf
 0001:00014050       StopService
 0002:00004B14       Storage
 0001:0001C14C       Str2Int
 0002:00003DB8       strAVName
 0002:00003D78       strAVProcess
 0001:000040E0       StretchBlt
 0002:00003E34       strFWName
 0002:00003DF8       strFWProcess
 0001:0000BE00       StringFromCLSID
 0001:00003648       StringToOleStr
 0001:00019538       StrToHKEY
 0001:0000EA58       StrToInt
 0002:00004B20       SubType
 0001:00004030       SuspendThread
 0001:00000170       SysAllocStringLen
 0001:00010110       SysDir
 0001:00001114       SysFreeMem
 0001:00000180       SysFreeString
 0001:00000F84       SysGetMem
 0001:00003D18       SysInit
 0001:00001494       SysReallocMem
 0001:00000178       SysReAllocStringLen
 0001:00003B0C       System
 0001:00004270       SystemParametersInfo
 0001:000177F4       TACMConvertor.CloseStream
 0001:00017840       TACMConvertor.Convert
 0001:0001789C       TACMConvertor.Create
 0001:00017948       TACMConvertor.Destroy
 0001:000179E8       TACMConvertor.OpenStream
 0001:00017AF0       TACMConvertor.SetActive
 0001:00017B0C       TACMConvertor.SetInputBufferSize
 0001:00017FE0       TACMIn.Close
 0001:00017D68       TACMIn.Create
 0001:00017F84       TACMIn.Destroy
 0001:000180AC       TACMIn.DisposeHeader
 0001:00017DD8       TACMIn.DoBufferFull
 0001:00018044       TACMIn.NewHeader
 0001:00017F00       TACMIn.Open
 0001:00018038       TACMIn.SetBufferSize
 0001:00017FCC       TACMIn.WndProc
 0001:00004408       TApplication.ProcessMessage
 0001:00004444       TApplication.ProcessMessages
 0001:0000B8C8       TClientSocket.Connect
 0001:0000BADC       TClientSocket.Destroy
 0001:0000B980       TClientSocket.Disconnect
 0001:0000B994       TClientSocket.GetLocalAddress
 0001:0000B9CC       TClientSocket.ReceiveBuffer
 0001:0000BA4C       TClientSocket.ReceiveString
 0001:0000BA88       TClientSocket.SendBuffer
 0001:0000BAC0       TClientSocket.SendString
 0001:00004F20       TCompressionStream.Create
 0001:00004F7C       TCompressionStream.Destroy
 0001:0000508C       TCompressionStream.Read
 0001:00005118       TCompressionStream.Seek
 0001:00005090       TCompressionStream.Write
 0001:00004EC4       TCustomCompressionStream.Create
 0001:00004F0C       TCustomCompressionStream.DoProgress
 0001:0000538C       TCustomMemoryStream.Read
 0001:00005400       TCustomMemoryStream.SaveToFile
 0001:000053E8       TCustomMemoryStream.SaveToStream
 0001:000053C4       TCustomMemoryStream.Seek
 0001:00005384       TCustomMemoryStream.SetPointer
 0001:0000512C       TDecompressionStream.Create
 0001:00005174       TDecompressionStream.Destroy
 0001:000051A4       TDecompressionStream.Read
 0001:00005288       TDecompressionStream.Seek
 0001:00005284       TDecompressionStream.Write
 0002:00004CBC       Temp
 0002:00004CC0       TempConnections
 0001:00022020       TempDir
 0001:0001019C       TempDir
 0001:0001E158       TEnumList.Create
 0001:0001E194       TEnumList.Destroy
 0001:0001E1E8       TEnumList.GetCount
 0001:00004038       TerminateProcess
 0001:00004040       TerminateThread
 0002:0000403A       Test8086
 0001:00001954       TextClose
 0001:000018C8       TextIn
 0001:00001974       TextOpen
 0001:00001908       TextOut
 0001:00004DDC       TFileStream.Create
 0001:00004E20       TFileStream.Create
 0001:00004E90       TFileStream.Destroy
 0001:00004D28       THandleStream.Create
 0001:00004D64       THandleStream.Read
 0001:00004D84       THandleStream.Seek
 0001:00004DB4       THandleStream.SetSize
 0001:00004DC8       THandleStream.SetSize
 0001:00004D74       THandleStream.Write
 0002:000049F4       THr
 0002:00004CB4       Thr
 0001:00016284       Thread32First
 0001:000162A8       Thread32Next
 0002:00004B58       ThreadHandle
 0001:00002918       ThreadWrapper
 0002:00003E70       ticksperday
 0002:00003E74       ticksperhour
 0002:00003E78       ticksperminute
 0002:00003E7C       tickspersecond
 0001:0001E1F0       TIDList.Add
 0001:0001E224       TIDList.Get
 0001:0001E244       TItemList.Add
 0001:0001E284       TItemList.Get
 0001:0001633C       TlHelp32
 0001:00017520       TList.Add
 0001:00017554       TList.Clear
 0001:0001756C       TList.Delete
 0001:00017500       TList.Destroy
 0001:000175CC       TList.Error
 0001:000175C8       TList.Error
 0001:000175D0       TList.Get
 0001:000175F4       TList.Grow
 0001:00017628       TList.IndexOf
 0001:000176EC       TList.Notify
 0001:00017648       TList.SetCapacity
 0001:00017680       TList.SetCount
 0002:0000465C       tlsBuffer
 0001:00003BF0       TlsGetValue
 0002:00000098       TlsIndex
 0002:CFFD9028       TlsLast
 0001:00003BF8       TlsSetValue
 0001:000184E4       TMain.BufferFull
 0001:00005484       TMemoryStream.Clear
 0001:00005458       TMemoryStream.Destroy
 0001:000054D4       TMemoryStream.LoadFromFile
 0001:0000549C       TMemoryStream.LoadFromStream
 0001:0000557C       TMemoryStream.Realloc
 0001:00005528       TMemoryStream.SetCapacity
 0001:00005550       TMemoryStream.SetSize
 0001:000055EC       TMemoryStream.Write
 0001:00004278       ToAscii
 0001:000020F0       TObject.AfterConstruction
 0001:000020F4       TObject.BeforeDestruction
 0001:00001FA4       TObject.ClassParent
 0001:00001F9C       TObject.ClassType
 0001:0000207C       TObject.CleanupInstance
 0001:00001FE8       TObject.Create
 0001:000020EC       TObject.DefaultHandler
 0001:00002008       TObject.Destroy
 0001:000020F8       TObject.Dispatch
 0001:00002018       TObject.Free
 0001:00001FCC       TObject.FreeInstance
 0001:00002024       TObject.InitInstance
 0001:00001FE0       TObject.InstanceSize
 0001:00001FB0       TObject.NewInstance
 0001:000020E4       TObject.SafeCallException
 0001:0001DC60       TPStorage.Connect
 0001:0001DC00       TPStorage.Create
 0001:0001DC2C       TPStorage.Destroy
 0001:0001DCB0       TPStorage.Disconnect
 0001:0001DC58       TPStorage.GetInitialized
 0001:0001DE80       TPStorage.GetItems
 0001:0001E00C       TPStorage.GetSubtypeName
 0001:0001DDA0       TPStorage.GetSubtypes
 0001:0001DFAC       TPStorage.GetTypeName
 0001:0001DCC8       TPStorage.GetTypes
 0001:0001E07C       TPStorage.ReadItemData
 0001:00004280       TranslateMessage
 0001:0001BD7C       Trim
 0001:00000E90       TryHarder
 0001:00001D38       TryOpenForOutput
 0001:00004C34       TStream.CopyFrom
 0001:00004A60       TStream.GetPosition
 0001:00004A94       TStream.GetSize
 0001:00004BF4       TStream.ReadBuffer
 0001:00004B8C       TStream.Seek
 0001:00004B24       TStream.Seek
 0001:00004A80       TStream.SetPosition
 0001:00004AE8       TStream.SetSize
 0001:00004AE0       TStream.SetSize
 0001:00004C14       TStream.WriteBuffer
 0001:0001D1A4       TStrList.Add
 0001:0001D158       TStrList.Create
 0001:0001D214       TStrList.Strings
 0001:00003D50       Types
 0001:0001CB70       uCodeInjection
 0001:0001D0C4       uCodeInjection_RemoteUncrypt
 0001:0001C03C       uDecls
 0001:0000F194       umSFPack
 0001:000000E0       UnhandledExceptionFilter
 0001:0000DB3C       Unhook
 0001:0000D778       UnhookExport
 0001:00004288       UnhookWindowsHookEx
 0001:0000095C       UninitAllocator
 0001:0000C554       UninjectLibrary
 0001:0000C520       UninjectLibraryThread
 0001:00002E90       UniqueString
 0001:000185EC       UnitAudioCapture
 0001:0001AAF8       UnitAVFWDetector
 0001:00017478       UnitCpuSpeed
 0001:00011BB0       UnitFileManager
 0001:000135E4       UnitFileSearch
 0001:0001F2D0       UnitFirefox
 0001:000194B4       UnitInstalledApplications
 0001:00018D98       UnitKeyLogger
 0001:0001BFFC       UnitMsnPass
 0001:00020A30       UnitOfflineKeyLogger
 0001:00021D6C       UnitOfflineScreenCapture
 0001:0001F540       UnitPasswordAudit
 0001:00017284       UnitProcessManager
 0001:00019E50       UnitRegEdit
 0001:0001A20C       UnitRemoteShell
 0001:0000FE7C       UnitScreenCapture
 0001:00014BD4       UnitServiceManager
 0001:0000EEA0       UnitSharedData
 0001:0001E7B0       UnitStorage
 0001:0001BD44       UnitSystemInfo
 0001:00013DEC       UnitWebcamCapture
 0001:0001DA20       UnitWep
 0001:00015FA0       UnitWindowManager
 0001:0001C9D4       UnloadData
 0001:0001660C       UnloadLib
 0001:0000CCE0       UnmapPhysicalMemory
 0001:00004290       UnregisterClass
 0001:00003978       UnregisterModule
 0001:000025E8       UnsetExceptionHandler
 0001:00021DA4       untaPlib
 0001:00011D80       UpperCase
 0001:0001AD64       UpTime
 0001:0000BF70       UrlMon
 0001:0001ABB0       UserName
 0001:00020D6C       UserName
 0001:0001F930       UserName
 0001:0001D260       uStrList
 0002:00003D4C       UtilWindowClass
 0001:0001C144       uUtils
 0001:0001D88C       uWEPUtils
 0002:00000010       VarClearProc
 0002:00000014       VarCopyProc
 0002:00004B28       version
 0001:000001DC       VirtualAlloc
 0001:00004048       VirtualAlloc
 0001:00004050       VirtualAllocEx
 0001:000001E4       VirtualFree
 0001:00004058       VirtualFree
 0001:00004060       VirtualFreeEx
 0001:00004068       VirtualProtect
 0001:00004298       VkKeyScan
 0001:00004070       WaitForSingleObject
 0001:0000FE8C       waveInAddBuffer
 0001:0000FE94       waveInClose
 0001:0000FE9C       waveInOpen
 0001:0000FEA4       waveInPrepareHeader
 0001:0000FEAC       waveInReset
 0001:0000FEB4       waveInStart
 0001:0000FEBC       waveInUnprepareHeader
 0001:00002AD4       WCharFromChar
 0001:00000168       WideCharToMultiByte
 0001:00003638       WideCharToString
 0001:00003640       WideCharToStrVar
 0001:00010030       WinDir
 0001:000126F4       WinDir
 0001:0001541C       WindowList
 0001:000043A4       Windows
 0001:0000BF38       WinInet
 0001:0000453C       WinSock
 0001:00004504       Winsock2
 0001:00013EEC       WinSvc
 0001:0000279C       WriteErrorMessage
 0001:00004078       WriteFile
 0001:000000E8       WriteFile
 0001:00004080       WriteProcessMemory
 0002:0000467C       WSAData
 0001:00003084       WStrError
 0001:000030A4       WStrSet
 0002:00003E80       xor_key
 0001:000049F0       zcalloc
 0001:000049FC       zcfree
 0001:000042CC       ZeroMemory
 0001:00003E00       _CreateMutex
 0002:000049A0       _CreateToolhelp32Snapshot
 0001:00004314       _CreateWindowEx
 0002:0000495C       _EmptyWorkingSet
 0002:0000498C       _EnumDeviceDrivers
 0002:00004938       _EnumProcesses
 0002:0000493C       _EnumProcessModules
 0002:0000496C       _GetDeviceDriverBaseName
 0002:00004978       _GetDeviceDriverBaseNameA
 0002:00004984       _GetDeviceDriverBaseNameW
 0002:00004970       _GetDeviceDriverFileName
 0002:0000497C       _GetDeviceDriverFileNameA
 0002:00004988       _GetDeviceDriverFileNameW
 0002:00004968       _GetMappedFileName
 0002:00004974       _GetMappedFileNameA
 0002:00004980       _GetMappedFileNameW
 0002:00004940       _GetModuleBaseName
 0002:00004948       _GetModuleBaseNameA
 0002:00004950       _GetModuleBaseNameW
 0002:00004944       _GetModuleFileNameEx
 0002:0000494C       _GetModuleFileNameExA
 0002:00004954       _GetModuleFileNameExW
 0002:00004958       _GetModuleInformation
 0002:00004990       _GetProcessMemoryInfo
 0002:000049AC       _Heap32First
 0002:000049A4       _Heap32ListFirst
 0002:000049A8       _Heap32ListNext
 0002:000049B0       _Heap32Next
 0002:00004964       _InitializeProcessForWsWatch
 0001:00004A1C       _memcpy
 0001:00004A04       _memset
 0002:000049D0       _Module32First
 0002:000049D8       _Module32FirstW
 0002:000049D4       _Module32Next
 0002:000049DC       _Module32NextW
 0002:000049B8       _Process32First
 0002:000049C0       _Process32FirstW
 0002:000049BC       _Process32Next
 0002:000049C4       _Process32NextW
 0002:00004960       _QueryWorkingSet
 0001:0000DB44       _regCreateKey
 0001:00018F04       _regEnumKeys
 0002:000049C8       _Thread32First
 0002:000049CC       _Thread32Next
 0002:000049B4       _Toolhelp32ReadProcessMemory
 0002:000000B8       _z_errmsg
 0002:000034F7       __dist_code
 0002:000036F7       __length_code


  Address         Publics by Value

 0002:CFFD9028       TlsLast
 0001:00000090       CloseHandle
 0001:00000098       CreateFileA
 0001:000000A0       GetFileType
 0001:000000A8       GetFileSize
 0001:000000B0       GetStdHandle
 0001:000000B8       RaiseException
 0001:000000C0       ReadFile
 0001:000000C8       RtlUnwind
 0001:000000D0       SetEndOfFile
 0001:000000D8       SetFilePointer
 0001:000000E0       UnhandledExceptionFilter
 0001:000000E8       WriteFile
 0001:000000F0       CharNext
 0001:000000F8       CreateThread
 0001:00000100       ExitProcess
 0001:00000108       MessageBox
 0001:00000110       FreeLibrary
 0001:00000118       GetCommandLine
 0001:00000120       GetLastError
 0001:00000128       GetLocaleInfo
 0001:00000130       GetModuleFileName
 0001:00000138       GetStartupInfo
 0001:00000140       GetThreadLocale
 0001:00000148       MultiByteToWideChar
 0001:00000150       RegCloseKey
 0001:00000158       RegOpenKeyEx
 0001:00000160       RegQueryValueEx
 0001:00000168       WideCharToMultiByte
 0001:00000170       SysAllocStringLen
 0001:00000178       SysReAllocStringLen
 0001:00000180       SysFreeString
 0001:00000188       GetCurrentThreadId
 0001:00000190       GetVersion
 0001:00000198       QueryPerformanceCounter
 0001:000001A0       GetTickCount
 0001:000001A8       GetCmdShow
 0001:000001CC       LocalAlloc
 0001:000001D4       LocalFree
 0001:000001DC       VirtualAlloc
 0001:000001E4       VirtualFree
 0001:000001EC       InitializeCriticalSection
 0001:000001F4       EnterCriticalSection
 0001:000001FC       LeaveCriticalSection
 0001:00000204       DeleteCriticalSection
 0001:0000020C       GetBlockDesc
 0001:0000025C       MakeEmpty
 0001:00000264       AddBlockAfter
 0001:00000294       DeleteBlock
 0001:000002AC       MergeBlockAfter
 0001:0000031C       RemoveBlock
 0001:000003B0       GetSpace
 0001:00000414       GetSpaceAt
 0001:0000048C       FreeSpace
 0001:00000544       Commit
 0001:000005D8       Decommit
 0001:00000658       GetCommitted
 0001:000006E8       GetCommittedAt
 0001:0000080C       FreeCommitted
 0001:00000898       InitAllocator
 0001:0000095C       UninitAllocator
 0001:00000A3C       DeleteFree
 0001:00000AA0       FindCommitted
 0001:00000AD0       FillBeforeGap
 0001:00000B00       InternalFreeMem
 0001:00000B24       FillAfterGap
 0001:00000B4C       FillerSizeBeforeGap
 0001:00000BBC       FillerSizeAfterGap
 0001:00000BF4       DecommitFree
 0001:00000CA4       InsertFree
 0001:00000D2C       FreeCurAlloc
 0001:00000D78       MergeCommit
 0001:00000E04       NewCommit
 0001:00000E30       NewCommitAt
 0001:00000E64       SearchSmallBlocks
 0001:00000E90       TryHarder
 0001:00000F84       SysGetMem
 0001:00001114       SysFreeMem
 0001:000012B8       ResizeInPlace
 0001:00001494       SysReallocMem
 0001:00001558       @GetMem
 0001:00001578       @FreeMem
 0001:00001598       @ReallocMem
 0001:000015E8       RunErrorAt
 0001:000015F4       ErrorAt
 0001:00001640       Error
 0001:0000164C       @_IOTest
 0001:0000166C       SetInOutRes
 0001:0000167C       Move
 0001:000016BC       GetParamStr
 0001:000017A8       ParamStr
 0001:00001808       Randomize
 0001:00001830       Set8087CW
 0001:00001840       Get8087CW
 0001:00001848       @AbstractError
 0001:00001864       OpenText
 0001:000018BC       @RewritText
 0001:000018C8       TextIn
 0001:00001904       FileNOPProc
 0001:00001908       TextOut
 0001:00001944       InternalClose
 0001:00001954       TextClose
 0001:00001974       TextOpen
 0001:00001B20       InternalFlush
 0001:00001B68       @Flush
 0001:00001B74       @Close
 0001:00001BCC       @PStrCpy
 0001:00001BD8       @FillChar
 0001:00001BF8       @StrLong
 0001:00001C58       @Str0Long
 0001:00001C64       @ValLong
 0001:00001D38       TryOpenForOutput
 0001:00001D7C       @WriteBytes
 0001:00001DD0       @WriteSpaces
 0001:00001E4C       @WriteLn
 0001:00001E94       GetKeyboardType
 0001:00001E9C       @isNECWindows
 0001:00001ECC       @FpuMaskInit
 0001:00001F90       @FpuInit
 0001:00001F9C       TObject.ClassType
 0001:00001FA4       TObject.ClassParent
 0001:00001FB0       TObject.NewInstance
 0001:00001FCC       TObject.FreeInstance
 0001:00001FE0       TObject.InstanceSize
 0001:00001FE8       TObject.Create
 0001:00002008       TObject.Destroy
 0001:00002018       TObject.Free
 0001:00002024       TObject.InitInstance
 0001:0000207C       TObject.CleanupInstance
 0001:0000209C       GetDynaMethod
 0001:000020CC       @CallDynaInst
 0001:000020E4       TObject.SafeCallException
 0001:000020EC       TObject.DefaultHandler
 0001:000020F0       TObject.AfterConstruction
 0001:000020F4       TObject.BeforeDestruction
 0001:000020F8       TObject.Dispatch
 0001:00002120       @ClassCreate
 0001:00002170       @ClassDestroy
 0001:00002178       @AfterConstruction
 0001:00002188       @BeforeDestruction
 0001:00002198       NotifyReRaise
 0001:000021B4       NotifyNonDelphiException
 0001:000021D8       NotifyExcept
 0001:000021F0       NotifyAnyExcept
 0001:00002204       CheckJmp
 0001:00002224       NotifyExceptFinally
 0001:0000224C       NotifyTerminate
 0001:00002268       NotifyUnhandled
 0001:00002288       @HandleAnyException
 0001:000023B4       @HandleFinally
 0001:000023EC       @RaiseAgain
 0001:00002440       @DoneExcept
 0001:00002470       @TryFinallyExit
 0001:00002488       MapToRunError
 0001:00002528       @ExceptionHandler
 0001:000025C8       SetExceptionHandler
 0001:000025E8       UnsetExceptionHandler
 0001:00002610       FinalizeUnits
 0001:00002670       InitUnits
 0001:000026D0       @StartExe
 0001:00002710       MakeErrorMessage
 0001:0000276C       ExitDll
 0001:0000279C       WriteErrorMessage
 0001:00002828       @Halt0
 0001:00002900       @Halt
 0001:0000290C       @RunError
 0001:00002918       ThreadWrapper
 0001:00002950       BeginThread
 0001:00002994       @LStrClr
 0001:000029B8       @LStrArrayClr
 0001:000029E8       @LStrAsg
 0001:00002A2C       @LStrLAsg
 0001:00002A58       @NewAnsiString
 0001:00002A84       @LStrFromPCharLen
 0001:00002AB4       CharFromWChar
 0001:00002AD4       WCharFromChar
 0001:00002AF0       @LStrFromPWCharLen
 0001:00002B7C       @LStrFromChar
 0001:00002B8C       @LStrFromPChar
 0001:00002BBC       @LStrFromPWChar
 0001:00002BF8       @LStrFromString
 0001:00002C04       @LStrFromArray
 0001:00002C1C       @LStrToString
 0001:00002C40       @LStrLen
 0001:00002C48       @LStrCat
 0001:00002C8C       @LStrCat3
 0001:00002D00       @LStrCatN
 0001:00002D8C       @LStrCmp
 0001:00002E30       @LStrAddRef
 0001:00002E40       @LStrToPChar
 0001:00002E4C       InternalUniqueString
 0001:00002E90       UniqueString
 0001:00002E98       @UniqueStringA
 0001:00002EA0       @LStrCopy
 0001:00002EE0       @LStrDelete
 0001:00002F28       @LStrInsert
 0001:00002F84       @LStrPos
 0001:00002FCC       @LStrSetLength
 0001:00003030       @LStrOfChar
 0001:0000305C       @Write0LString
 0001:00003064       @WriteLString
 0001:00003084       WStrError
 0001:0000308C       @NewWideString
 0001:000030A4       WStrSet
 0001:000030B4       @WStrClr
 0001:000030CC       @WStrArrayClr
 0001:000030F0       @WStrAsg
 0001:00003114       @WStrFromPCharLen
 0001:000031A0       @WStrFromPWCharLen
 0001:000031C4       @WStrLen
 0001:000031D0       @WStrSetLength
 0001:00003214       @InitializeRecord
 0001:00003244       @InitializeArray
 0001:000032D8       @FinalizeRecord
 0001:0000330C       @VarClr
 0001:00003324       @FinalizeArray
 0001:00003410       @VarCopy
 0001:00003428       @CopyRecord
 0001:00003544       @CopyArray
 0001:00003638       WideCharToString
 0001:00003640       WideCharToStrVar
 0001:00003648       StringToOleStr
 0001:0000366C       @DispCallByIDError
 0001:00003674       @_lldiv
 0001:000036F0       CopyArray
 0001:00003700       FinalizeArray
 0001:00003708       DynArrayClear
 0001:00003710       DynArraySetLength
 0001:0000389C       @DynArraySetLength
 0001:000038A8       @DynArrayClear
 0001:000038E4       @DynArrayAsg
 0001:0000390C       NotifyModuleUnload
 0001:00003968       RegisterModule
 0001:00003978       UnregisterModule
 0001:000039E8       @IntfClear
 0001:00003A00       @IntfCopy
 0001:00003A2C       FreeMemory
 0001:00003A44       LCIDToCodePage
 0001:00003AB8       Finalization
 0001:00003B0C       System
 0001:00003BE0       GetModuleHandle
 0001:00003BE8       LocalAlloc
 0001:00003BF0       TlsGetValue
 0001:00003BF8       TlsSetValue
 0001:00003C00       AllocTlsBuffer
 0001:00003C0C       GetTlsSize
 0001:00003C14       InitThreadTLS
 0001:00003C58       @GetTls
 0001:00003C98       InitializeModule
 0001:00003CA4       @InitExe
 0001:00003CE8       Finalization
 0001:00003D18       SysInit
 0001:00003D20       Finalization
 0001:00003D50       Types
 0001:00003D58       AdjustTokenPrivileges
 0001:00003D60       AdjustTokenPrivileges
 0001:00003D68       GetTokenInformation
 0001:00003D70       GetUserName
 0001:00003D78       LookupAccountSid
 0001:00003D80       LookupPrivilegeValue
 0001:00003D88       OpenProcessToken
 0001:00003D90       OpenThreadToken
 0001:00003D98       RegCloseKey
 0001:00003DA0       RegCreateKey
 0001:00003DA8       RegCreateKeyEx
 0001:00003DB0       RegDeleteValue
 0001:00003DB8       RegEnumKeyEx
 0001:00003DC0       RegEnumValue
 0001:00003DC8       RegOpenKey
 0001:00003DD0       RegOpenKeyEx
 0001:00003DD8       RegQueryValueEx
 0001:00003DE0       RegSetValueEx
 0001:00003DE8       CloseHandle
 0001:00003DF0       CopyFile
 0001:00003DF8       CreateFile
 0001:00003E00       _CreateMutex
 0001:00003E08       CreateMutex
 0001:00003E28       CreateNamedPipe
 0001:00003E30       CreatePipe
 0001:00003E38       CreateProcess
 0001:00003E40       CreateRemoteThread
 0001:00003E48       CreateThread
 0001:00003E50       DeleteFile
 0001:00003E58       DisconnectNamedPipe
 0001:00003E60       ExitProcess
 0001:00003E68       ExitThread
 0001:00003E70       FileTimeToSystemTime
 0001:00003E78       FindClose
 0001:00003E80       FindFirstFile
 0001:00003E88       FindNextFile
 0001:00003E90       FindResourceA
 0001:00003E98       FreeLibrary
 0001:00003EA0       FreeResource
 0001:00003EA8       GetCommandLine
 0001:00003EB0       GetComputerName
 0001:00003EB8       GetCurrentProcess
 0001:00003EC0       GetCurrentProcessId
 0001:00003EC8       GetCurrentThread
 0001:00003ED0       GetDiskFreeSpaceEx
 0001:00003ED8       GetDriveType
 0001:00003EE0       GetEnvironmentVariable
 0001:00003EE8       GetExitCodeProcess
 0001:00003EF0       GetExitCodeThread
 0001:00003EF8       GetFileSize
 0001:00003F00       GetLastError
 0001:00003F08       GetLocalTime
 0001:00003F10       GetLocaleInfo
 0001:00003F18       GetLogicalDriveStrings
 0001:00003F20       GetModuleFileName
 0001:00003F28       GetModuleHandle
 0001:00003F30       GetPrivateProfileString
 0001:00003F38       GetProcAddress
 0001:00003F40       GetProcessHeap
 0001:00003F48       GetProcessTimes
 0001:00003F50       GetStartupInfo
 0001:00003F58       GetSystemDirectory
 0001:00003F60       GetTempPath
 0001:00003F68       GetTickCount
 0001:00003F70       GetVersionEx
 0001:00003F78       GetVolumeInformation
 0001:00003F80       GetWindowsDirectory
 0001:00003F88       GlobalAlloc
 0001:00003F90       GlobalFree
 0001:00003F98       GlobalLock
 0001:00003FA0       GlobalHandle
 0001:00003FA8       GlobalMemoryStatus
 0001:00003FB0       GlobalReAlloc
 0001:00003FB8       GlobalUnlock
 0001:00003FC0       HeapAlloc
 0001:00003FC8       HeapFree
 0001:00003FD0       LoadLibrary
 0001:00003FD8       LoadResource
 0001:00003FE0       LockResource
 0001:00003FE8       OpenProcess
 0001:00003FF0       ReadFile
 0001:00003FF8       ReadProcessMemory
 0001:00004000       ResumeThread
 0001:00004008       SetErrorMode
 0001:00004010       SetFilePointer
 0001:00004018       SetNamedPipeHandleState
 0001:00004020       SizeofResource
 0001:00004028       Sleep
 0001:00004030       SuspendThread
 0001:00004038       TerminateProcess
 0001:00004040       TerminateThread
 0001:00004048       VirtualAlloc
 0001:00004050       VirtualAllocEx
 0001:00004058       VirtualFree
 0001:00004060       VirtualFreeEx
 0001:00004068       VirtualProtect
 0001:00004070       WaitForSingleObject
 0001:00004078       WriteFile
 0001:00004080       WriteProcessMemory
 0001:00004088       lstrcmpi
 0001:00004090       lstrcmpiA
 0001:00004098       lstrlen
 0001:000040A0       CreateCompatibleBitmap
 0001:000040A8       CreateCompatibleDC
 0001:000040B0       DeleteDC
 0001:000040B8       DeleteObject
 0001:000040C0       GetDIBits
 0001:000040C8       GetDeviceCaps
 0001:000040D0       GetObject
 0001:000040D8       SelectObject
 0001:000040E0       StretchBlt
 0001:000040E8       AttachThreadInput
 0001:000040F0       BringWindowToTop
 0001:000040F8       CallNextHookEx
 0001:00004100       CharUpper
 0001:00004108       CloseClipboard
 0001:00004110       DefWindowProc
 0001:00004118       DestroyWindow
 0001:00004120       DispatchMessage
 0001:00004128       DrawIcon
 0001:00004130       EnableWindow
 0001:00004138       EnumChildWindows
 0001:00004140       EnumWindows
 0001:00004148       ExitWindowsEx
 0001:00004150       FindWindow
 0001:00004158       FlashWindow
 0001:00004160       GetClassInfo
 0001:00004168       GetClassName
 0001:00004170       GetClipboardData
 0001:00004178       GetCursorInfo
 0001:00004180       GetDC
 0001:00004188       GetDesktopWindow
 0001:00004190       GetForegroundWindow
 0001:00004198       GetKeyNameText
 0001:000041A0       GetKeyState
 0001:000041A8       GetKeyboardState
 0001:000041B0       GetLastInputInfo
 0001:000041B8       GetSystemMetrics
 0001:000041C0       GetWindowLong
 0001:000041C8       GetWindowText
 0001:000041D0       GetWindowThreadProcessId
 0001:000041D8       GetWindowThreadProcessId
 0001:000041E0       IsIconic
 0001:000041E8       IsWindowEnabled
 0001:000041F0       IsWindowVisible
 0001:000041F8       IsZoomed
 0001:00004200       LoadImage
 0001:00004208       OpenClipboard
 0001:00004210       PeekMessage
 0001:00004218       PostMessage
 0001:00004220       RegisterClass
 0001:00004228       ReleaseDC
 0001:00004230       SendMessage
 0001:00004238       SetClipboardData
 0001:00004240       SetCursorPos
 0001:00004248       SetForegroundWindow
 0001:00004250       SetWindowLong
 0001:00004258       SetWindowText
 0001:00004260       SetWindowsHookEx
 0001:00004268       ShowWindow
 0001:00004270       SystemParametersInfo
 0001:00004278       ToAscii
 0001:00004280       TranslateMessage
 0001:00004288       UnhookWindowsHookEx
 0001:00004290       UnregisterClass
 0001:00004298       VkKeyScan
 0001:000042A0       keybd_event
 0001:000042A8       mouse_event
 0001:000042B0       HiByte
 0001:000042B8       CopyMemory
 0001:000042C0       FillMemory
 0001:000042CC       ZeroMemory
 0001:000042D4       GlobalAllocPtr
 0001:000042E4       GlobalReAllocPtr
 0001:00004300       GlobalFreePtr
 0001:00004314       _CreateWindowEx
 0001:0000431C       CreateWindowEx
 0001:00004374       Finalization
 0001:000043A4       Windows
 0001:00004408       TApplication.ProcessMessage
 0001:00004444       TApplication.ProcessMessages
 0001:0000445C       Finalization
 0001:0000448C       ApplicationUnit
 0001:00004494       Finalization
 0001:000044C4       Messages
 0001:000044CC       ioctlsocket
 0001:000044D4       Finalization
 0001:00004504       Winsock2
 0001:0000450C       Finalization
 0001:0000453C       WinSock
 0001:00004904       FileOpen
 0001:00004960       FileClose
 0001:00004968       FileCreate
 0001:0000498C       FileRead
 0001:000049B8       FileWrite
 0001:000049E4       FileSeek
 0001:000049F0       zcalloc
 0001:000049FC       zcfree
 0001:00004A04       _memset
 0001:00004A1C       _memcpy
 0001:00004A30       DeflateInit
 0001:00004A48       InflateInit
 0001:00004A60       TStream.GetPosition
 0001:00004A80       TStream.SetPosition
 0001:00004A94       TStream.GetSize
 0001:00004AE0       TStream.SetSize
 0001:00004AE8       TStream.SetSize
 0001:00004B24       TStream.Seek
 0001:00004B8C       TStream.Seek
 0001:00004BF4       TStream.ReadBuffer
 0001:00004C14       TStream.WriteBuffer
 0001:00004C34       TStream.CopyFrom
 0001:00004D28       THandleStream.Create
 0001:00004D64       THandleStream.Read
 0001:00004D74       THandleStream.Write
 0001:00004D84       THandleStream.Seek
 0001:00004DB4       THandleStream.SetSize
 0001:00004DC8       THandleStream.SetSize
 0001:00004DDC       TFileStream.Create
 0001:00004E20       TFileStream.Create
 0001:00004E90       TFileStream.Destroy
 0001:00004EC4       TCustomCompressionStream.Create
 0001:00004F0C       TCustomCompressionStream.DoProgress
 0001:00004F20       TCompressionStream.Create
 0001:00004F7C       TCompressionStream.Destroy
 0001:0000508C       TCompressionStream.Read
 0001:00005090       TCompressionStream.Write
 0001:00005118       TCompressionStream.Seek
 0001:0000512C       TDecompressionStream.Create
 0001:00005174       TDecompressionStream.Destroy
 0001:000051A4       TDecompressionStream.Read
 0001:00005284       TDecompressionStream.Write
 0001:00005288       TDecompressionStream.Seek
 0001:00005384       TCustomMemoryStream.SetPointer
 0001:0000538C       TCustomMemoryStream.Read
 0001:000053C4       TCustomMemoryStream.Seek
 0001:000053E8       TCustomMemoryStream.SaveToStream
 0001:00005400       TCustomMemoryStream.SaveToFile
 0001:00005458       TMemoryStream.Destroy
 0001:00005484       TMemoryStream.Clear
 0001:0000549C       TMemoryStream.LoadFromStream
 0001:000054D4       TMemoryStream.LoadFromFile
 0001:00005528       TMemoryStream.SetCapacity
 0001:00005550       TMemoryStream.SetSize
 0001:0000557C       TMemoryStream.Realloc
 0001:000055EC       TMemoryStream.Write
 0001:0000563C       adler32
 0001:00005768       ..
 0001:0000581C       compressBound
 0001:00005830       ..
 0001:00005838       crc32
 0001:00005F44       deflateInit_
 0001:00005F60       DeflateInit2_
 0001:000064F8       deflate
 0001:00006924       deflateEnd
 0001:000077C8       @inflate_fast
 0001:00007CBC       inflateReset
 0001:00007D14       inflateInit2_
 0001:00007DE8       inflateInit_
 0001:00007F1C       inflate
 0001:00009260       inflateEnd
 0001:000095B4       @inflate_table
 0001:000099E0       ..
 0001:000099E4       @_tr_init
 0001:0000AB1C       @_tr_stored_block
 0001:0000ABD8       @_tr_align
 0001:0000AEA4       @_tr_flush_block
 0001:0000B834       Finalization
 0001:0000B864       CompressionStreamUnit
 0001:0000B8C8       TClientSocket.Connect
 0001:0000B980       TClientSocket.Disconnect
 0001:0000B994       TClientSocket.GetLocalAddress
 0001:0000B9CC       TClientSocket.ReceiveBuffer
 0001:0000BA4C       TClientSocket.ReceiveString
 0001:0000BA88       TClientSocket.SendBuffer
 0001:0000BAC0       TClientSocket.SendString
 0001:0000BADC       TClientSocket.Destroy
 0001:0000BB08       Finalization
 0001:0000BB40       SocketUnit
 0001:0000BDC0       MakeSureDirectoryPathExists
 0001:0000BDC8       Finalization
 0001:0000BDF8       ImageHlp
 0001:0000BE00       StringFromCLSID
 0001:0000BE08       CoTaskMemFree
 0001:0000BE10       Finalization
 0001:0000BE40       ActiveX
 0001:0000BE48       Finalization
 0001:0000BE78       CommCtrl
 0001:0000BE80       FindExecutable
 0001:0000BE88       SHFileOperation
 0001:0000BE90       ShellExecute
 0001:0000BE98       Finalization
 0001:0000BEC8       ShellAPI
 0001:0000BED0       Finalization
 0001:0000BF00       RegStr
 0001:0000BF08       Finalization
 0001:0000BF38       WinInet
 0001:0000BF40       Finalization
 0001:0000BF70       UrlMon
 0001:0000BF78       SHGetSpecialFolderPath
 0001:0000BF80       Finalization
 0001:0000BFB0       ShlObj
 0001:0000BFB8       Finalization
 0001:0000BFE8       SHFolder
 0001:0000BFF0       SizeOfCode
 0001:0000C2C0       SizeOfProc
 0001:0000C2E4       InjectString
 0001:0000C374       InjectMemory
 0001:0000C3A4       InjectThread
 0001:0000C418       InjectLibraryThread
 0001:0000C44C       InjectLibrary
 0001:0000C520       UninjectLibraryThread
 0001:0000C554       UninjectLibrary
 0001:0000C654       DeleteFileExThread
 0001:0000C688       DeleteFileEx
 0001:0000C77C       Finalization
 0001:0000C7AC       afxCodeHook
 0001:0000C7B4       Finalization
 0001:0000C7E4       JwaWinNT
 0001:0000C7EC       NT_SUCCESS
 0001:0000C7F8       InitializeObjectAttributes
 0001:0000C820       Finalization
 0001:0000C850       JwaWinType
 0001:0000C858       Finalization
 0001:0000C888       JwaNtStatus
 0001:0000C890       Finalization
 0001:0000C8C0       JwaWinBase
 0001:0000C8C8       NtQuerySystemInformation
[...]
   261 0001:0001EE1C   262 0001:0001EE24   265 0001:0001EE3C   266 0001:0001EE5D
   268 0001:0001EE77   269 0001:0001EE98   271 0001:0001EEB2   274 0001:0001EED4
   275 0001:0001EEF5   277 0001:0001EF0F   278 0001:0001EF30   280 0001:0001EF4A
   281 0001:0001EF6A   282 0001:0001EF83   283 0001:0001EF91   284 0001:0001EF9F
   273 0001:0001EFBC   288 0001:0001EFCC   264 0001:0001EFDB   294 0001:0001EFEB
   298 0001:0001EFF0   302 0001:0001F035   305 0001:0001F1FC   306 0001:0001F1FF
   307 0001:0001F209   308 0001:0001F20E   309 0001:0001F218   310 0001:0001F222
   311 0001:0001F22C   312 0001:0001F239   314 0001:0001F2D0   314 0001:0001F2D7

Line numbers for UnitPasswordAudit(UnitPasswordAudit.pas) segment .text

    13 0001:0001F2D8    14 0001:0001F2FF    15 0001:0001F33B    20 0001:0001F358
    21 0001:0001F383    22 0001:0001F399    24 0001:0001F3B1    25 0001:0001F3C0
    28 0001:0001F3EA    29 0001:0001F3F9    32 0001:0001F423    33 0001:0001F432
    36 0001:0001F45C    37 0001:0001F46B    40 0001:0001F4B7    42 0001:0001F540
    42 0001:0001F547

Line numbers for UnitOfflineKeyLogger(UnitOfflineKeyLogger.pas) segment .text

    35 0001:0001F548    36 0001:0001F56F    37 0001:0001F5AB    40 0001:0001F5C4
    41 0001:0001F5D0    42 0001:0001F5E2    52 0001:0001F5EC    53 0001:0001F5F5
    54 0001:0001F605    55 0001:0001F613    76 0001:0001F61C    77 0001:0001F63D
    79 0001:0001F646    80 0001:0001F650    82 0001:0001F66C    85 0001:0001F681
    86 0001:0001F68B    88 0001:0001F6AE    91 0001:0001F6CF    92 0001:0001F6D9
    94 0001:0001F6FC    97 0001:0001F73F   102 0001:0001F76C   103 0001:0001F78D
   105 0001:0001F796   106 0001:0001F7A0   108 0001:0001F7BC   111 0001:0001F7D1
   112 0001:0001F7DB   114 0001:0001F7FE   117 0001:0001F81F   118 0001:0001F829
   120 0001:0001F84C   123 0001:0001F88F   128 0001:0001F8BC   129 0001:0001F8C3
   130 0001:0001F8CA   131 0001:0001F8D4   132 0001:0001F8E2   133 0001:0001F8E8
   135 0001:0001F8FC   137 0001:0001F910   139 0001:0001F927   140 0001:0001F92C
   146 0001:0001F930   147 0001:0001F939   148 0001:0001F940   149 0001:0001F94B
   150 0001:0001F95B   154 0001:0001F964   155 0001:0001F970   161 0001:0001F974
   162 0001:0001F99D   163 0001:0001F9B0   164 0001:0001F9BA   165 0001:0001F9D0
   162 0001:0001F9D1   166 0001:0001F9F9   182 0001:0001FA00   183 0001:0001FA29
   185 0001:0001FA3A   187 0001:0001FA3F   188 0001:0001FA47   189 0001:0001FA53
   190 0001:0001FA55   191 0001:0001FA58   192 0001:0001FA5B   193 0001:0001FA6A
   194 0001:0001FA77   203 0001:0001FA86   204 0001:0001FA95   206 0001:0001FADE
   207 0001:0001FAEA   208 0001:0001FAFE   209 0001:0001FB0E   214 0001:0001FB24
   215 0001:0001FB2C   219 0001:0001FB3F   220 0001:0001FB4D   221 0001:0001FB62
   222 0001:0001FB6F   223 0001:0001FB81   224 0001:0001FB9D   227 0001:0001FBA7
   228 0001:0001FBED   229 0001:0001FBF8   230 0001:0001FC0A   231 0001:0001FC21
   232 0001:0001FC2E   233 0001:0001FC35   236 0001:0001FC3F   237 0001:0001FC50
   238 0001:0001FC5E   239 0001:0001FC73   240 0001:0001FC80   241 0001:0001FC92
   242 0001:0001FCAE   244 0001:0001FCB8   245 0001:0001FD11   246 0001:0001FD1C
   247 0001:0001FD2E   248 0001:0001FD45   250 0001:0001FD4F   251 0001:0001FD6F
   252 0001:0001FD8B   253 0001:0001FD95   255 0001:0001FDB1   256 0001:0001FDF2
   257 0001:0001FE00   258 0001:0001FE49   259 0001:0001FE55   260 0001:0001FE6E
   263 0001:0001FE74   266 0001:0001FE7E   272 0001:0001FEC8   275 0001:0001FF8C
   276 0001:0001FFAF   277 0001:0001FFE4   280 0001:0001FFEC   281 0001:00020013
   282 0001:0002001D   283 0001:0002006A   286 0001:0002007C   287 0001:00020093
   288 0001:0002009E   290 0001:000200AC   291 0001:000200C0   292 0001:000200D4
   293 0001:000200E8   295 0001:000200FC   301 0001:0002014C   302 0001:00020180
   303 0001:0002019C   304 0001:000201C3   306 0001:000201CC   307 0001:000201EB
   309 0001:00020240   313 0001:000202CB   314 0001:000202EA   316 0001:0002033C
   312 0001:000203BA   320 0001:000203C9   321 0001:000203FC   326 0001:00020460
   327 0001:00020487   328 0001:00020496   331 0001:000204A3   332 0001:000204AA
   333 0001:000204B0   335 0001:000204CB   336 0001:0002050C   347 0001:00020558
   348 0001:00020584   349 0001:0002059A   351 0001:000205B2   352 0001:000205C1
   353 0001:000205D2   354 0001:000205E4   355 0001:000205EB   356 0001:00020600
   357 0001:0002060D   360 0001:00020627   361 0001:00020636   362 0001:00020648
   363 0001:00020653   364 0001:0002065D   367 0001:00020664   368 0001:00020673
   369 0001:0002069B   372 0001:000206BD   374 0001:000206D0   375 0001:000206E8
   376 0001:000206F6   377 0001:0002070B   378 0001:00020718   379 0001:0002072A
   380 0001:00020746   382 0001:00020750   383 0001:0002076C   385 0001:00020776
   386 0001:000207AB   387 0001:000207B9   388 0001:000207F6   389 0001:00020802
   390 0001:00020818   391 0001:00020831   394 0001:00020837   395 0001:00020845
   396 0001:00020877   397 0001:0002088B   398 0001:00020892   401 0001:000208B4
   402 0001:000208C3   405 0001:0002092D   408 0001:00020A30   408 0001:00020A37

Line numbers for UnitOfflineScreenCapture(UnitOfflineScreenCapture.pas) segment .text

    40 0001:00020A38    41 0001:00020A5F    42 0001:00020A9B    46 0001:00020AB8
    47 0001:00020AC8    52 0001:00020ACC    53 0001:00020AED    55 0001:00020AF6
    56 0001:00020B00    58 0001:00020B1C    61 0001:00020B31    62 0001:00020B3B
    64 0001:00020B5E    67 0001:00020B7F    68 0001:00020B89    70 0001:00020BAC
    73 0001:00020BEF    78 0001:00020C1C    79 0001:00020C3D    81 0001:00020C46
    82 0001:00020C50    84 0001:00020C6C    87 0001:00020C81    88 0001:00020C8B
    90 0001:00020CAE    93 0001:00020CCF    94 0001:00020CD9    96 0001:00020CFC
    99 0001:00020D3F   105 0001:00020D6C   106 0001:00020D75   107 0001:00020D7C
   108 0001:00020D87   109 0001:00020D97   115 0001:00020DA0   116 0001:00020DC9
   117 0001:00020DD8   118 0001:00020DDF   119 0001:00020DF4   116 0001:00020DF5
   120 0001:00020E1B   134 0001:00020E24   135 0001:00020E5A   137 0001:00020E71
   138 0001:00020E73   140 0001:00020E87   141 0001:00020E98   143 0001:00020EA3
   144 0001:00020EAD   145 0001:00020EB0   146 0001:00020EB6   147 0001:00020EBC
   148 0001:00020EC2   149 0001:00020EC8   150 0001:00020ECC   151 0001:00020ED1
   152 0001:00020ED4   153 0001:00020ED9   154 0001:00020EDE   155 0001:00020EE3
   159 0001:00020EE8   160 0001:00020EEE   161 0001:00020EF4   162 0001:00020EFA
   163 0001:00020F02   166 0001:00020F08   167 0001:00020F13   168 0001:00020F1D
   169 0001:00020F28   170 0001:00020F32   172 0001:00020F54   173 0001:00020F63
   174 0001:00020F73   175 0001:00020F81   177 0001:00020F8D   178 0001:00020FA5
   179 0001:00020FBB   180 0001:00020FC3   182 0001:00020FD8   183 0001:00021022
   184 0001:00021030   185 0001:00021051   188 0001:00021059   189 0001:00021064
   190 0001:0002106D   194 0001:00021076   195 0001:00021081   196 0001:000210B9
   201 0001:000210E8   202 0001:000210EC   203 0001:000210F9   204 0001:00021101
   205 0001:0002110E   206 0001:0002111B   207 0001:0002112F   208 0001:00021138
   209 0001:00021164   210 0001:0002116B   211 0001:00021171   212 0001:0002117D
   213 0001:0002117F   218 0001:00021184   219 0001:000211AB   220 0001:000211BA
   223 0001:000211C7   224 0001:000211CE   225 0001:000211D4   227 0001:000211EF
   228 0001:00021230   231 0001:0002127C   232 0001:0002129F   233 0001:000212D4
   236 0001:000212DC   237 0001:00021303   238 0001:0002130D   239 0001:0002135A
   242 0001:0002136C   243 0001:00021383   244 0001:0002138E   246 0001:0002139C
   247 0001:000213B0   248 0001:000213C4   249 0001:000213D8   251 0001:000213EC
   257 0001:0002143C   258 0001:00021470   259 0001:0002148C   260 0001:000214B3
   262 0001:000214BC   263 0001:000214DB   265 0001:0002150F   269 0001:0002159A
   270 0001:000215B9   272 0001:000215EA   268 0001:00021668   276 0001:00021677
   277 0001:000216AA   283 0001:000216F8   284 0001:0002172C   285 0001:00021748
   286 0001:0002176F   288 0001:00021778   289 0001:00021797   291 0001:000217A1
   295 0001:0002182C   296 0001:0002184B   298 0001:00021852   294 0001:000218D0
   302 0001:000218DF   303 0001:00021912   308 0001:00021954   310 0001:00021977
   311 0001:0002197B   312 0001:0002199D   313 0001:000219A4   314 0001:000219AB
   315 0001:000219DC   317 0001:000219FF   318 0001:00021A10   309 0001:00021A1E
   320 0001:00021A45   327 0001:00021A78   328 0001:00021AA4   329 0001:00021ABA
   331 0001:00021AD2   332 0001:00021AE1   333 0001:00021AF3   334 0001:00021B00
   337 0001:00021B1B   338 0001:00021B2A   339 0001:00021B3C   340 0001:00021B49
   343 0001:00021B50   344 0001:00021B5F   345 0001:00021B87   348 0001:00021BA9
   349 0001:00021BB8   350 0001:00021BC6   351 0001:00021BF8   352 0001:00021C0C
   353 0001:00021C13   356 0001:00021C35   357 0001:00021C44   360 0001:00021CA6
   362 0001:00021D6C   362 0001:00021D73

Line numbers for untaPlib(untaPlib.pas) segment .text

    98 0001:00021DA4    98 0001:00021DAB

Line numbers for P2PSpreadUnit(p2pspreadunit.pas) segment .text

   622 0001:00021DE8   622 0001:00021DEF

Line numbers for ProjectUnhook(C:\Documents and Settings\test\Desktop\AERO RAT SOURCE\Server\ProjectUnhook.dpr) segment .text

    82 0001:00021DF0    83 0001:00021E0E    85 0001:00021E1C    86 0001:00021E2E
    87 0001:00021E39    88 0001:00021E48    90 0001:00021E55    91 0001:00021E67
    92 0001:00021E72    93 0001:00021E81    95 0001:00021E8E    96 0001:00021EA0
    98 0001:00021EAF    99 0001:00021EC2   100 0001:00021EE6   103 0001:00021FBC
   104 0001:00021FDD   105 0001:00021FEC   106 0001:00021FF5   104 0001:00021FF6
   107 0001:00022019   112 0001:00022020   113 0001:00022029   114 0001:00022034
   115 0001:00022042   118 0001:0002204C   119 0001:0002206F   120 0001:000220A4
   123 0001:000220AC   124 0001:000220D3   125 0001:000220DD   126 0001:0002212A
   131 0001:0002213C   132 0001:00022161   133 0001:00022168   134 0001:000221C0
   137 0001:000221C8   138 0001:000221CB   139 0001:000221E4   146 0001:000221E8
   147 0001:000221FE   148 0001:0002220B   149 0001:00022218   150 0001:0002221A
   151 0001:00022241   152 0001:0002226A   149 0001:0002226B   153 0001:00022292
   156 0001:000222A4   157 0001:000222A7   159 0001:000222B3   160 0001:000222C8
   167 0001:000222F8   168 0001:0002230F   170 0001:00022314   171 0001:0002231C
   172 0001:00022324   173 0001:0002232C   169 0001:0002232D   175 0001:0002232F
   182 0001:00022338   183 0001:0002233F   184 0001:0002234C   185 0001:00022356
   187 0001:00022362   189 0001:0002237C   190 0001:00022384   191 0001:00022396
   192 0001:000223A0   193 0001:000223C4   194 0001:000223CE   195 0001:000223D4
   196 0001:000223E0   197 0001:000223E2   203 0001:000223EC   204 0001:000223F3
   205 0001:000223FA   206 0001:00022400   207 0001:0002240B   208 0001:00022414
   216 0001:0002241C   217 0001:00022441   218 0001:0002244B   219 0001:00022457
   221 0001:00022464   222 0001:00022472   223 0001:00022483   224 0001:00022486
   225 0001:0002249A   226 0001:000224A1   227 0001:000224A8   228 0001:000224AD
   229 0001:000224C4   230 0001:000224CB   231 0001:000224D2   232 0001:000224D7
   233 0001:000224EB   234 0001:00022503   237 0001:00022525   245 0001:0002252C
   246 0001:00022555   247 0001:00022557   248 0001:00022563   250 0001:00022567
   251 0001:0002257B   253 0001:00022599   254 0001:000225B4   255 0001:000225CB
   258 0001:000225F8   277 0001:00022600   279 0001:0002261A   280 0001:0002262E
   281 0001:00022644   284 0001:00022658   285 0001:0002266C   286 0001:00022683
   288 0001:000226A8   292 0001:000226CB   293 0001:000226DF   294 0001:000226F1
   295 0001:00022706   296 0001:0002270A   298 0001:00022726   301 0001:0002275A
   316 0001:00022848   317 0001:0002286A   318 0001:00022872   320 0001:0002287C
   321 0001:0002287F   323 0001:00022887   324 0001:0002289D   325 0001:000228AC
   326 0001:000228C9   328 0001:000228E7   329 0001:00022902   330 0001:0002291D
   331 0001:00022934   333 0001:0002294A   334 0001:00022960   336 0001:00022978
   337 0001:00022987   338 0001:0002298D   342 0001:0002299D   343 0001:000229AC
   346 0001:000229CE   347 0001:000229DD   348 0001:000229EB   349 0001:000229F6
   350 0001:000229FC   351 0001:00022A07   352 0001:00022A0C   355 0001:00022A24
   356 0001:00022A33   357 0001:00022A41   358 0001:00022A62   359 0001:00022A83
   360 0001:00022A8A   363 0001:00022AA2   364 0001:00022AB5   365 0001:00022AC9
   366 0001:00022ADB   367 0001:00022B03   369 0001:00022B0D   370 0001:00022B12
   371 0001:00022B1B   372 0001:00022B26   373 0001:00022B53   374 0001:00022B62
   375 0001:00022B77   376 0001:00022B82   377 0001:00022B8A   378 0001:00022BB0
   379 0001:00022BBC   381 0001:00022BE7   383 0001:00022BFC   386 0001:00022C03
   387 0001:00022C16   388 0001:00022C2A   389 0001:00022C3C   390 0001:00022C6A
   392 0001:00022C74   393 0001:00022C7D   394 0001:00022C88   395 0001:00022CB7
   398 0001:00022CBE   399 0001:00022CD1   400 0001:00022CE5   401 0001:00022CF7
   402 0001:00022D22   404 0001:00022D2C   405 0001:00022D47   406 0001:00022D4C
   409 0001:00022D53   410 0001:00022D62   411 0001:00022D73   414 0001:00022D9B
   415 0001:00022DAE   416 0001:00022DBD   417 0001:00022DCD   418 0001:00022DDD
   419 0001:00022DE6   420 0001:00022DF6   421 0001:00022E0E   422 0001:00022E16
   425 0001:00022E3E   426 0001:00022E4D   429 0001:00022E54   430 0001:00022E63
   433 0001:00022E84   434 0001:00022E93   435 0001:00022E9D   438 0001:00022EA6
   439 0001:00022EB5   440 0001:00022EBF   443 0001:00022EC8   444 0001:00022ED7
   445 0001:00022EE1   448 0001:00022EEA   449 0001:00022EF9   452 0001:00022F2F
   453 0001:00022F3E   456 0001:00022F74   457 0001:00022F83   460 0001:00022FB9
   461 0001:00022FC8   464 0001:00022FFE   465 0001:0002300D   468 0001:00023043
   470 0001:0002305C   472 0001:00023075   474 0001:0002308E   476 0001:000230A7
   478 0001:000230C0   480 0001:000230D9   482 0001:000230F2   484 0001:0002310B
   486 0001:00023124   488 0001:0002313D   490 0001:00023156   492 0001:0002316F
   494 0001:00023188   496 0001:000231A1   498 0001:000231BA   500 0001:000231D3
   503 0001:000231DA   504 0001:00023227   516 0001:00023594   517 0001:000235B9
   518 0001:000235C0   520 0001:000235D2   521 0001:000235D5   523 0001:000235DD
   524 0001:000235E6   526 0001:000235F0   527 0001:000235F8   528 0001:00023612
   529 0001:0002362E   530 0001:0002364B   531 0001:0002366B   532 0001:0002368B
   533 0001:000236AD   534 0001:000236CD   535 0001:000236E7   536 0001:00023707
   537 0001:00023727   538 0001:00023747   539 0001:00023767   540 0001:0002378C
   541 0001:000237AC   542 0001:000237CC   543 0001:000237E9   544 0001:00023806
   545 0001:0002382B   546 0001:00023850   547 0001:00023875   548 0001:0002389A
   549 0001:000238BA   550 0001:000238D7   554 0001:000238F7   556 0001:00023901
   557 0001:0002390F   562 0001:00023918   563 0001:0002391F   571 0001:00023926
   573 0001:00023930   575 0001:0002393C   576 0001:00023947   560 0001:0002394E
   581 0001:00023954   582 0001:0002395A   585 0001:00023990   591 0001:00023A38
   592 0001:00023A3A   593 0001:00023A3C   594 0001:00023A4A   595 0001:00023A4D
   596 0001:00023A5A   597 0001:00023A63   598 0001:00023A6A   599 0001:00023A71
   600 0001:00023A78   608 0001:00023A7C   609 0001:00023A92   610 0001:00023A94
   611 0001:00023A9F   612 0001:00023AA2   616 0001:00023AA9   617 0001:00023ACC
   618 0001:00023AD6   620 0001:00023AD8   622 0001:00023AEB   623 0001:00023AF9
   624 0001:00023B07   625 0001:00023B12   626 0001:00023B15   627 0001:00023B1C
   629 0001:00023B1F   630 0001:00023B2B   634 0001:00023B35   635 0001:00023B3C
   637 0001:00023B43   614 0001:00023B4D   639 0001:00023B6F   760 0001:00023B78
   761 0001:00023B84   763 0001:00023B94   764 0001:00023BA2   765 0001:00023BAC
   770 0001:00023BB1   771 0001:00023BC0   772 0001:00023BCC   773 0001:00023BD5
   774 0001:00023BDB   776 0001:00023BE0   778 0001:00023BE6   779 0001:00023BF2
   780 0001:00023BFE   782 0001:00023C06   783 0001:00023C0C   786 0001:00023C1C
   768 0001:00023C24   789 0001:00023C26   791 0001:00023C30   792 0001:00023C54
   793 0001:00023C6A   795 0001:00023C7C   796 0001:00023C97   797 0001:00023CAD
   798 0001:00023CD4   800 0001:00023CFB   801 0001:00023D13   802 0001:00023D2B
   803 0001:00023D43   804 0001:00023D5B   805 0001:00023D73   806 0001:00023D8B
   808 0001:00023DA3   809 0001:00023DB5   810 0001:00023DB9   811 0001:00023DBF
   812 0001:00023DE7   818 0001:00023E98   819 0001:00023EC1   820 0001:00023ED4
   821 0001:00023EDE   822 0001:00023EF4   819 0001:00023EF5   823 0001:00023F1D
   826 0001:00023F24   827 0001:00023F57   828 0001:00023FB0   836 0001:00023FB8
   839 0001:00023FDD   840 0001:00023FF1   841 0001:0002402A   842 0001:0002403E
   843 0001:00024054   846 0001:00024068   847 0001:00024080   848 0001:00024092
   849 0001:000240A9   850 0001:000240C8   852 0001:000240E0   854 0001:00024100
   858 0001:00024112   859 0001:00024126   860 0001:0002413D   862 0001:0002416F
   866 0001:0002419F   867 0001:000241C6   868 0001:000241CB   869 0001:000241D9
   870 0001:000241F2   871 0001:00024204   873 0001:0002420B   876 0001:00024211
   837 0001:0002421B   878 0001:00024255   884 0001:00024390   885 0001:000243B9
   886 0001:000243C8   887 0001:000243CF   888 0001:000243E4   885 0001:000243E5
   889 0001:0002440B   899 0001:00024414   901 0001:0002443A   902 0001:0002444E
   903 0001:0002445D   904 0001:0002446B   905 0001:00024473   906 0001:0002447B
   907 0001:00024486   908 0001:00024498   909 0001:0002449E   910 0001:000244B4
   911 0001:000244D4   912 0001:000244F5   913 0001:00024516   914 0001:00024537
   915 0001:00024558   916 0001:00024579   917 0001:0002459A   918 0001:000245BB
   919 0001:000245DC   920 0001:000245FD   921 0001:0002461E   922 0001:0002463F
   923 0001:00024660   924 0001:00024681   925 0001:000246A2   926 0001:000246C3
   927 0001:000246E4   928 0001:00024705   929 0001:00024726   930 0001:00024747
   955 0001:00024768   956 0001:0002477E   957 0001:00024794   958 0001:000247B9
   959 0001:000247E8   961 0001:00024823   976 0001:00024AFC   978 0001:00024B39
   980 0001:00024B58   981 0001:00024B60   983 0001:00024B6A   985 0001:00024B7C
   986 0001:00024B86   987 0001:00024B90   988 0001:00024B9A   989 0001:00024BA4
   990 0001:00024BAE   991 0001:00024BB8   992 0001:00024BC2   994 0001:00024BCC
   996 0001:00024BD1   997 0001:00024BE5  1000 0001:00024BF9  1002 0001:00024C0E
  1003 0001:00024C32  1004 0001:00024C48  1007 0001:00024C73  1008 0001:00024CBA
  1009 0001:00024CCB  1010 0001:00024CDC  1017 0001:00024CED  1018 0001:00024D00
  1019 0001:00024D14  1020 0001:00024D2E  1021 0001:00024D4F  1023 0001:00024D6C
  1025 0001:00024D91  1029 0001:00024DA6  1030 0001:00024DB5  1031 0001:00024DCC
  1033 0001:00024DF8  1038 0001:00024E22  1039 0001:00024E4F  1040 0001:00024E5D
  1041 0001:00024E71  1042 0001:00024E87  1043 0001:00024E8E  1044 0001:00024E9F
  1045 0001:00024EB0  1054 0001:00024EC1  1055 0001:00024ED0  1056 0001:00024F04
  1057 0001:00024F18  1058 0001:00024F2A  1061 0001:00024F40  1062 0001:00024F4F
  1063 0001:00024F68  1064 0001:00024F74  1065 0001:00024F7F  1070 0001:00024F86
  1071 0001:00024F95  1074 0001:00024FA1  1075 0001:00024FB0  1078 0001:00024FBC
  1079 0001:00024FCB  1080 0001:00024FD0  1083 0001:00024FE7  1084 0001:00025001
  1086 0001:00025009  1087 0001:0002500E  1089 0001:00025020  1090 0001:00025045
  1091 0001:00025061  1092 0001:0002506F  1093 0001:00025076  1094 0001:00025099
  1095 0001:000250BC  1096 0001:000250D5  1088 0001:000250DF  1101 0001:000250F1
  1103 0001:000250F8  1104 0001:00025106  1105 0001:0002510C  1100 0001:00025112
  1108 0001:00025136

Bound resource files

ProjectUnhook.drf


Program entry point at 0001:00024AFC
